{"cmd": "whoami", "run": 1, "rc": 0, "ns": 1510464, "stdout": "pi\n", "stderr": ""}
{"cmd": "whoami", "run": 2, "rc": 0, "ns": 1307353, "stdout": "pi\n", "stderr": ""}
{"cmd": "whoami", "run": 3, "rc": 0, "ns": 1270445, "stdout": "pi\n", "stderr": ""}
{"cmd": "whoami", "run": 4, "rc": 0, "ns": 1229149, "stdout": "pi\n", "stderr": ""}
{"cmd": "whoami", "run": 5, "rc": 0, "ns": 1209687, "stdout": "pi\n", "stderr": ""}
{"cmd": "id", "run": 1, "rc": 0, "ns": 2612928, "stdout": "uid=1000(pi) gid=1000(pi) groups=1000(pi),4(adm),20(dialout),24(cdrom),27(sudo),29(audio),44(video),46(plugdev),60(games),100(users),102(netdev),986(gpio),988(i2c),989(spi),992(render),996(input)\n", "stderr": ""}
{"cmd": "id", "run": 2, "rc": 0, "ns": 2640947, "stdout": "uid=1000(pi) gid=1000(pi) groups=1000(pi),4(adm),20(dialout),24(cdrom),27(sudo),29(audio),44(video),46(plugdev),60(games),100(users),102(netdev),986(gpio),988(i2c),989(spi),992(render),996(input)\n", "stderr": ""}
{"cmd": "id", "run": 3, "rc": 0, "ns": 2651299, "stdout": "uid=1000(pi) gid=1000(pi) groups=1000(pi),4(adm),20(dialout),24(cdrom),27(sudo),29(audio),44(video),46(plugdev),60(games),100(users),102(netdev),986(gpio),988(i2c),989(spi),992(render),996(input)\n", "stderr": ""}
{"cmd": "id", "run": 4, "rc": 0, "ns": 2642577, "stdout": "uid=1000(pi) gid=1000(pi) groups=1000(pi),4(adm),20(dialout),24(cdrom),27(sudo),29(audio),44(video),46(plugdev),60(games),100(users),102(netdev),986(gpio),988(i2c),989(spi),992(render),996(input)\n", "stderr": ""}
{"cmd": "id", "run": 5, "rc": 0, "ns": 2610058, "stdout": "uid=1000(pi) gid=1000(pi) groups=1000(pi),4(adm),20(dialout),24(cdrom),27(sudo),29(audio),44(video),46(plugdev),60(games),100(users),102(netdev),986(gpio),988(i2c),989(spi),992(render),996(input)\n", "stderr": ""}
{"cmd": "pwd", "run": 1, "rc": 0, "ns": 907946, "stdout": "/home/pi\n", "stderr": ""}
{"cmd": "pwd", "run": 2, "rc": 0, "ns": 863964, "stdout": "/home/pi\n", "stderr": ""}
{"cmd": "pwd", "run": 3, "rc": 0, "ns": 833093, "stdout": "/home/pi\n", "stderr": ""}
{"cmd": "pwd", "run": 4, "rc": 0, "ns": 1003075, "stdout": "/home/pi\n", "stderr": ""}
{"cmd": "pwd", "run": 5, "rc": 0, "ns": 844168, "stdout": "/home/pi\n", "stderr": ""}
{"cmd": "hostname", "run": 1, "rc": 0, "ns": 1054964, "stdout": "raspberrypi\n", "stderr": ""}
{"cmd": "hostname", "run": 2, "rc": 0, "ns": 1043723, "stdout": "raspberrypi\n", "stderr": ""}
{"cmd": "hostname", "run": 3, "rc": 0, "ns": 1129686, "stdout": "raspberrypi\n", "stderr": ""}
{"cmd": "hostname", "run": 4, "rc": 0, "ns": 1084353, "stdout": "raspberrypi\n", "stderr": ""}
{"cmd": "hostname", "run": 5, "rc": 0, "ns": 1114686, "stdout": "raspberrypi\n", "stderr": ""}
{"cmd": "hostnamectl", "run": 1, "rc": 0, "ns": 84314729, "stdout": " Static hostname: raspberrypi\n       Icon name: computer\n      Machine ID: deb3ea2bcab54412a5ec9c8c0c2281fb\n         Boot ID: b384a3a8d40c4ca9b688908a728ddf54\nOperating System: Debian GNU/Linux 13 (trixie)\n          Kernel: Linux 6.12.75+rpt-rpi-2712\n    Architecture: arm64\n", "stderr": ""}
{"cmd": "hostnamectl", "run": 2, "rc": 0, "ns": 12127864, "stdout": " Static hostname: raspberrypi\n       Icon name: computer\n      Machine ID: deb3ea2bcab54412a5ec9c8c0c2281fb\n         Boot ID: b384a3a8d40c4ca9b688908a728ddf54\nOperating System: Debian GNU/Linux 13 (trixie)\n          Kernel: Linux 6.12.75+rpt-rpi-2712\n    Architecture: arm64\n", "stderr": ""}
{"cmd": "hostnamectl", "run": 3, "rc": 0, "ns": 12050307, "stdout": " Static hostname: raspberrypi\n       Icon name: computer\n      Machine ID: deb3ea2bcab54412a5ec9c8c0c2281fb\n         Boot ID: b384a3a8d40c4ca9b688908a728ddf54\nOperating System: Debian GNU/Linux 13 (trixie)\n          Kernel: Linux 6.12.75+rpt-rpi-2712\n    Architecture: arm64\n", "stderr": ""}
{"cmd": "hostnamectl", "run": 4, "rc": 0, "ns": 12538994, "stdout": " Static hostname: raspberrypi\n       Icon name: computer\n      Machine ID: deb3ea2bcab54412a5ec9c8c0c2281fb\n         Boot ID: b384a3a8d40c4ca9b688908a728ddf54\nOperating System: Debian GNU/Linux 13 (trixie)\n          Kernel: Linux 6.12.75+rpt-rpi-2712\n    Architecture: arm64\n", "stderr": ""}
{"cmd": "hostnamectl", "run": 5, "rc": 0, "ns": 12159493, "stdout": " Static hostname: raspberrypi\n       Icon name: computer\n      Machine ID: deb3ea2bcab54412a5ec9c8c0c2281fb\n         Boot ID: b384a3a8d40c4ca9b688908a728ddf54\nOperating System: Debian GNU/Linux 13 (trixie)\n          Kernel: Linux 6.12.75+rpt-rpi-2712\n    Architecture: arm64\n", "stderr": ""}
{"cmd": "echo $USER", "run": 1, "rc": 0, "ns": 1183816, "stdout": "pi\n", "stderr": ""}
{"cmd": "echo $USER", "run": 2, "rc": 0, "ns": 960797, "stdout": "pi\n", "stderr": ""}
{"cmd": "echo $USER", "run": 3, "rc": 0, "ns": 886557, "stdout": "pi\n", "stderr": ""}
{"cmd": "echo $USER", "run": 4, "rc": 0, "ns": 900483, "stdout": "pi\n", "stderr": ""}
{"cmd": "echo $USER", "run": 5, "rc": 0, "ns": 856889, "stdout": "pi\n", "stderr": ""}
{"cmd": "echo $HOME", "run": 1, "rc": 0, "ns": 857852, "stdout": "/home/pi\n", "stderr": ""}
{"cmd": "echo $HOME", "run": 2, "rc": 0, "ns": 831649, "stdout": "/home/pi\n", "stderr": ""}
{"cmd": "echo $HOME", "run": 3, "rc": 0, "ns": 841705, "stdout": "/home/pi\n", "stderr": ""}
{"cmd": "echo $HOME", "run": 4, "rc": 0, "ns": 842482, "stdout": "/home/pi\n", "stderr": ""}
{"cmd": "echo $HOME", "run": 5, "rc": 0, "ns": 823372, "stdout": "/home/pi\n", "stderr": ""}
{"cmd": "echo $SHELL", "run": 1, "rc": 0, "ns": 816500, "stdout": "/bin/bash\n", "stderr": ""}
{"cmd": "echo $SHELL", "run": 2, "rc": 0, "ns": 811149, "stdout": "/bin/bash\n", "stderr": ""}
{"cmd": "echo $SHELL", "run": 3, "rc": 0, "ns": 826631, "stdout": "/bin/bash\n", "stderr": ""}
{"cmd": "echo $SHELL", "run": 4, "rc": 0, "ns": 844519, "stdout": "/bin/bash\n", "stderr": ""}
{"cmd": "echo $SHELL", "run": 5, "rc": 0, "ns": 826612, "stdout": "/bin/bash\n", "stderr": ""}
{"cmd": "echo $PATH", "run": 1, "rc": 0, "ns": 823797, "stdout": "/usr/local/sbin:/usr/local/bin:/usr/sbin:/usr/bin:/sbin:/bin:/usr/local/games:/usr/games\n", "stderr": ""}
{"cmd": "echo $PATH", "run": 2, "rc": 0, "ns": 820649, "stdout": "/usr/local/sbin:/usr/local/bin:/usr/sbin:/usr/bin:/sbin:/bin:/usr/local/games:/usr/games\n", "stderr": ""}
{"cmd": "echo $PATH", "run": 3, "rc": 0, "ns": 999149, "stdout": "/usr/local/sbin:/usr/local/bin:/usr/sbin:/usr/bin:/sbin:/bin:/usr/local/games:/usr/games\n", "stderr": ""}
{"cmd": "echo $PATH", "run": 4, "rc": 0, "ns": 911463, "stdout": "/usr/local/sbin:/usr/local/bin:/usr/sbin:/usr/bin:/sbin:/bin:/usr/local/games:/usr/games\n", "stderr": ""}
{"cmd": "echo $PATH", "run": 5, "rc": 0, "ns": 868946, "stdout": "/usr/local/sbin:/usr/local/bin:/usr/sbin:/usr/bin:/sbin:/bin:/usr/local/games:/usr/games\n", "stderr": ""}
{"cmd": "uname -a", "run": 1, "rc": 0, "ns": 2152613, "stdout": "Linux raspberrypi 6.12.75+rpt-rpi-2712 #1 SMP PREEMPT Debian 1:6.12.75-1+rpt1 (2026-03-11) aarch64 GNU/Linux\n", "stderr": ""}
{"cmd": "uname -a", "run": 2, "rc": 0, "ns": 1106834, "stdout": "Linux raspberrypi 6.12.75+rpt-rpi-2712 #1 SMP PREEMPT Debian 1:6.12.75-1+rpt1 (2026-03-11) aarch64 GNU/Linux\n", "stderr": ""}
{"cmd": "uname -a", "run": 3, "rc": 0, "ns": 1085909, "stdout": "Linux raspberrypi 6.12.75+rpt-rpi-2712 #1 SMP PREEMPT Debian 1:6.12.75-1+rpt1 (2026-03-11) aarch64 GNU/Linux\n", "stderr": ""}
{"cmd": "uname -a", "run": 4, "rc": 0, "ns": 1097334, "stdout": "Linux raspberrypi 6.12.75+rpt-rpi-2712 #1 SMP PREEMPT Debian 1:6.12.75-1+rpt1 (2026-03-11) aarch64 GNU/Linux\n", "stderr": ""}
{"cmd": "uname -a", "run": 5, "rc": 0, "ns": 1068224, "stdout": "Linux raspberrypi 6.12.75+rpt-rpi-2712 #1 SMP PREEMPT Debian 1:6.12.75-1+rpt1 (2026-03-11) aarch64 GNU/Linux\n", "stderr": ""}
{"cmd": "uname -m", "run": 1, "rc": 0, "ns": 2118687, "stdout": "aarch64\n", "stderr": ""}
{"cmd": "uname -m", "run": 2, "rc": 0, "ns": 2135354, "stdout": "aarch64\n", "stderr": ""}
{"cmd": "uname -m", "run": 3, "rc": 0, "ns": 1082223, "stdout": "aarch64\n", "stderr": ""}
{"cmd": "uname -m", "run": 4, "rc": 0, "ns": 2113446, "stdout": "aarch64\n", "stderr": ""}
{"cmd": "uname -m", "run": 5, "rc": 0, "ns": 1102038, "stdout": "aarch64\n", "stderr": ""}
{"cmd": "uname -r", "run": 1, "rc": 0, "ns": 2137854, "stdout": "6.12.75+rpt-rpi-2712\n", "stderr": ""}
{"cmd": "uname -r", "run": 2, "rc": 0, "ns": 1086316, "stdout": "6.12.75+rpt-rpi-2712\n", "stderr": ""}
{"cmd": "uname -r", "run": 3, "rc": 0, "ns": 2118372, "stdout": "6.12.75+rpt-rpi-2712\n", "stderr": ""}
{"cmd": "uname -r", "run": 4, "rc": 0, "ns": 2124836, "stdout": "6.12.75+rpt-rpi-2712\n", "stderr": ""}
{"cmd": "uname -r", "run": 5, "rc": 0, "ns": 2123206, "stdout": "6.12.75+rpt-rpi-2712\n", "stderr": ""}
{"cmd": "uname -s", "run": 1, "rc": 0, "ns": 2155669, "stdout": "Linux\n", "stderr": ""}
{"cmd": "uname -s", "run": 2, "rc": 0, "ns": 2110687, "stdout": "Linux\n", "stderr": ""}
{"cmd": "uname -s", "run": 3, "rc": 0, "ns": 2123724, "stdout": "Linux\n", "stderr": ""}
{"cmd": "uname -s", "run": 4, "rc": 0, "ns": 2118576, "stdout": "Linux\n", "stderr": ""}
{"cmd": "uname -s", "run": 5, "rc": 0, "ns": 2125225, "stdout": "Linux\n", "stderr": ""}
{"cmd": "uname -v", "run": 1, "rc": 0, "ns": 2127909, "stdout": "#1 SMP PREEMPT Debian 1:6.12.75-1+rpt1 (2026-03-11)\n", "stderr": ""}
{"cmd": "uname -v", "run": 2, "rc": 0, "ns": 2134780, "stdout": "#1 SMP PREEMPT Debian 1:6.12.75-1+rpt1 (2026-03-11)\n", "stderr": ""}
{"cmd": "uname -v", "run": 3, "rc": 0, "ns": 2164928, "stdout": "#1 SMP PREEMPT Debian 1:6.12.75-1+rpt1 (2026-03-11)\n", "stderr": ""}
{"cmd": "uname -v", "run": 4, "rc": 0, "ns": 2155224, "stdout": "#1 SMP PREEMPT Debian 1:6.12.75-1+rpt1 (2026-03-11)\n", "stderr": ""}
{"cmd": "uname -v", "run": 5, "rc": 0, "ns": 2121002, "stdout": "#1 SMP PREEMPT Debian 1:6.12.75-1+rpt1 (2026-03-11)\n", "stderr": ""}
{"cmd": "arch", "run": 1, "rc": 0, "ns": 2118243, "stdout": "aarch64\n", "stderr": ""}
{"cmd": "arch", "run": 2, "rc": 0, "ns": 2121817, "stdout": "aarch64\n", "stderr": ""}
{"cmd": "arch", "run": 3, "rc": 0, "ns": 2069928, "stdout": "aarch64\n", "stderr": ""}
{"cmd": "arch", "run": 4, "rc": 0, "ns": 1164909, "stdout": "aarch64\n", "stderr": ""}
{"cmd": "arch", "run": 5, "rc": 0, "ns": 1124576, "stdout": "aarch64\n", "stderr": ""}
{"cmd": "cat /proc/cpuinfo", "run": 1, "rc": 0, "ns": 2187409, "stdout": "processor\t: 0\nBogoMIPS\t: 108.00\nFeatures\t: fp asimd evtstrm aes pmull sha1 sha2 crc32 atomics fphp asimdhp cpuid asimdrdm lrcpc dcpop asimddp\nCPU implementer\t: 0x41\nCPU architecture: 8\nCPU variant\t: 0x4\nCPU part\t: 0xd0b\nCPU revision\t: 1\n\nprocessor\t: 1\nBogoMIPS\t: 108.00\nFeatures\t: fp asimd evtstrm aes pmull sha1 sha2 crc32 atomics fphp asimdhp cpuid asimdrdm lrcpc dcpop asimddp\nCPU implementer\t: 0x41\nCPU architecture: 8\nCPU variant\t: 0x4\nCPU part\t: 0xd0b\nCPU revision\t: 1\n\nprocessor\t: 2\nBogoMIPS\t: 108.00\nFeatures\t: fp asimd evtstrm aes pmull sha1 sha2 crc32 atomics fphp asimdhp cpuid asimdrdm lrcpc dcpop asimddp\nCPU implementer\t: 0x41\nCPU architecture: 8\nCPU variant\t: 0x4\nCPU part\t: 0xd0b\nCPU revision\t: 1\n\nprocessor\t: 3\nBogoMIPS\t: 108.00\nFeatures\t: fp asimd evtstrm aes pmull sha1 sha2 crc32 atomics fphp asimdhp cpuid asimdrdm lrcpc dcpop asimddp\nCPU implementer\t: 0x41\nCPU architecture: 8\nCPU variant\t: 0x4\nCPU part\t: 0xd0b\nCPU revision\t: 1\n\nRevision\t: e04171\nSerial\t\t: ec09a72860b179e0\nModel\t\t: Raspberry Pi 5 Model B Rev 1.1\n", "stderr": ""}
{"cmd": "cat /proc/cpuinfo", "run": 2, "rc": 0, "ns": 2186761, "stdout": "processor\t: 0\nBogoMIPS\t: 108.00\nFeatures\t: fp asimd evtstrm aes pmull sha1 sha2 crc32 atomics fphp asimdhp cpuid asimdrdm lrcpc dcpop asimddp\nCPU implementer\t: 0x41\nCPU architecture: 8\nCPU variant\t: 0x4\nCPU part\t: 0xd0b\nCPU revision\t: 1\n\nprocessor\t: 1\nBogoMIPS\t: 108.00\nFeatures\t: fp asimd evtstrm aes pmull sha1 sha2 crc32 atomics fphp asimdhp cpuid asimdrdm lrcpc dcpop asimddp\nCPU implementer\t: 0x41\nCPU architecture: 8\nCPU variant\t: 0x4\nCPU part\t: 0xd0b\nCPU revision\t: 1\n\nprocessor\t: 2\nBogoMIPS\t: 108.00\nFeatures\t: fp asimd evtstrm aes pmull sha1 sha2 crc32 atomics fphp asimdhp cpuid asimdrdm lrcpc dcpop asimddp\nCPU implementer\t: 0x41\nCPU architecture: 8\nCPU variant\t: 0x4\nCPU part\t: 0xd0b\nCPU revision\t: 1\n\nprocessor\t: 3\nBogoMIPS\t: 108.00\nFeatures\t: fp asimd evtstrm aes pmull sha1 sha2 crc32 atomics fphp asimdhp cpuid asimdrdm lrcpc dcpop asimddp\nCPU implementer\t: 0x41\nCPU architecture: 8\nCPU variant\t: 0x4\nCPU part\t: 0xd0b\nCPU revision\t: 1\n\nRevision\t: e04171\nSerial\t\t: ec09a72860b179e0\nModel\t\t: Raspberry Pi 5 Model B Rev 1.1\n", "stderr": ""}
{"cmd": "cat /proc/cpuinfo", "run": 3, "rc": 0, "ns": 2183836, "stdout": "processor\t: 0\nBogoMIPS\t: 108.00\nFeatures\t: fp asimd evtstrm aes pmull sha1 sha2 crc32 atomics fphp asimdhp cpuid asimdrdm lrcpc dcpop asimddp\nCPU implementer\t: 0x41\nCPU architecture: 8\nCPU variant\t: 0x4\nCPU part\t: 0xd0b\nCPU revision\t: 1\n\nprocessor\t: 1\nBogoMIPS\t: 108.00\nFeatures\t: fp asimd evtstrm aes pmull sha1 sha2 crc32 atomics fphp asimdhp cpuid asimdrdm lrcpc dcpop asimddp\nCPU implementer\t: 0x41\nCPU architecture: 8\nCPU variant\t: 0x4\nCPU part\t: 0xd0b\nCPU revision\t: 1\n\nprocessor\t: 2\nBogoMIPS\t: 108.00\nFeatures\t: fp asimd evtstrm aes pmull sha1 sha2 crc32 atomics fphp asimdhp cpuid asimdrdm lrcpc dcpop asimddp\nCPU implementer\t: 0x41\nCPU architecture: 8\nCPU variant\t: 0x4\nCPU part\t: 0xd0b\nCPU revision\t: 1\n\nprocessor\t: 3\nBogoMIPS\t: 108.00\nFeatures\t: fp asimd evtstrm aes pmull sha1 sha2 crc32 atomics fphp asimdhp cpuid asimdrdm lrcpc dcpop asimddp\nCPU implementer\t: 0x41\nCPU architecture: 8\nCPU variant\t: 0x4\nCPU part\t: 0xd0b\nCPU revision\t: 1\n\nRevision\t: e04171\nSerial\t\t: ec09a72860b179e0\nModel\t\t: Raspberry Pi 5 Model B Rev 1.1\n", "stderr": ""}
{"cmd": "cat /proc/cpuinfo", "run": 4, "rc": 0, "ns": 2184447, "stdout": "processor\t: 0\nBogoMIPS\t: 108.00\nFeatures\t: fp asimd evtstrm aes pmull sha1 sha2 crc32 atomics fphp asimdhp cpuid asimdrdm lrcpc dcpop asimddp\nCPU implementer\t: 0x41\nCPU architecture: 8\nCPU variant\t: 0x4\nCPU part\t: 0xd0b\nCPU revision\t: 1\n\nprocessor\t: 1\nBogoMIPS\t: 108.00\nFeatures\t: fp asimd evtstrm aes pmull sha1 sha2 crc32 atomics fphp asimdhp cpuid asimdrdm lrcpc dcpop asimddp\nCPU implementer\t: 0x41\nCPU architecture: 8\nCPU variant\t: 0x4\nCPU part\t: 0xd0b\nCPU revision\t: 1\n\nprocessor\t: 2\nBogoMIPS\t: 108.00\nFeatures\t: fp asimd evtstrm aes pmull sha1 sha2 crc32 atomics fphp asimdhp cpuid asimdrdm lrcpc dcpop asimddp\nCPU implementer\t: 0x41\nCPU architecture: 8\nCPU variant\t: 0x4\nCPU part\t: 0xd0b\nCPU revision\t: 1\n\nprocessor\t: 3\nBogoMIPS\t: 108.00\nFeatures\t: fp asimd evtstrm aes pmull sha1 sha2 crc32 atomics fphp asimdhp cpuid asimdrdm lrcpc dcpop asimddp\nCPU implementer\t: 0x41\nCPU architecture: 8\nCPU variant\t: 0x4\nCPU part\t: 0xd0b\nCPU revision\t: 1\n\nRevision\t: e04171\nSerial\t\t: ec09a72860b179e0\nModel\t\t: Raspberry Pi 5 Model B Rev 1.1\n", "stderr": ""}
{"cmd": "cat /proc/cpuinfo", "run": 5, "rc": 0, "ns": 2321817, "stdout": "processor\t: 0\nBogoMIPS\t: 108.00\nFeatures\t: fp asimd evtstrm aes pmull sha1 sha2 crc32 atomics fphp asimdhp cpuid asimdrdm lrcpc dcpop asimddp\nCPU implementer\t: 0x41\nCPU architecture: 8\nCPU variant\t: 0x4\nCPU part\t: 0xd0b\nCPU revision\t: 1\n\nprocessor\t: 1\nBogoMIPS\t: 108.00\nFeatures\t: fp asimd evtstrm aes pmull sha1 sha2 crc32 atomics fphp asimdhp cpuid asimdrdm lrcpc dcpop asimddp\nCPU implementer\t: 0x41\nCPU architecture: 8\nCPU variant\t: 0x4\nCPU part\t: 0xd0b\nCPU revision\t: 1\n\nprocessor\t: 2\nBogoMIPS\t: 108.00\nFeatures\t: fp asimd evtstrm aes pmull sha1 sha2 crc32 atomics fphp asimdhp cpuid asimdrdm lrcpc dcpop asimddp\nCPU implementer\t: 0x41\nCPU architecture: 8\nCPU variant\t: 0x4\nCPU part\t: 0xd0b\nCPU revision\t: 1\n\nprocessor\t: 3\nBogoMIPS\t: 108.00\nFeatures\t: fp asimd evtstrm aes pmull sha1 sha2 crc32 atomics fphp asimdhp cpuid asimdrdm lrcpc dcpop asimddp\nCPU implementer\t: 0x41\nCPU architecture: 8\nCPU variant\t: 0x4\nCPU part\t: 0xd0b\nCPU revision\t: 1\n\nRevision\t: e04171\nSerial\t\t: ec09a72860b179e0\nModel\t\t: Raspberry Pi 5 Model B Rev 1.1\n", "stderr": ""}
{"cmd": "cat /proc/version", "run": 1, "rc": 0, "ns": 2173261, "stdout": "Linux version 6.12.75+rpt-rpi-2712 (serge@raspberrypi.com) (aarch64-linux-gnu-gcc-14 (Debian 14.2.0-19) 14.2.0, GNU ld (GNU Binutils for Debian) 2.44) #1 SMP PREEMPT Debian 1:6.12.75-1+rpt1 (2026-03-11)\n", "stderr": ""}
{"cmd": "cat /proc/version", "run": 2, "rc": 0, "ns": 2238595, "stdout": "Linux version 6.12.75+rpt-rpi-2712 (serge@raspberrypi.com) (aarch64-linux-gnu-gcc-14 (Debian 14.2.0-19) 14.2.0, GNU ld (GNU Binutils for Debian) 2.44) #1 SMP PREEMPT Debian 1:6.12.75-1+rpt1 (2026-03-11)\n", "stderr": ""}
{"cmd": "cat /proc/version", "run": 3, "rc": 0, "ns": 2195909, "stdout": "Linux version 6.12.75+rpt-rpi-2712 (serge@raspberrypi.com) (aarch64-linux-gnu-gcc-14 (Debian 14.2.0-19) 14.2.0, GNU ld (GNU Binutils for Debian) 2.44) #1 SMP PREEMPT Debian 1:6.12.75-1+rpt1 (2026-03-11)\n", "stderr": ""}
{"cmd": "cat /proc/version", "run": 4, "rc": 0, "ns": 2241928, "stdout": "Linux version 6.12.75+rpt-rpi-2712 (serge@raspberrypi.com) (aarch64-linux-gnu-gcc-14 (Debian 14.2.0-19) 14.2.0, GNU ld (GNU Binutils for Debian) 2.44) #1 SMP PREEMPT Debian 1:6.12.75-1+rpt1 (2026-03-11)\n", "stderr": ""}
{"cmd": "cat /proc/version", "run": 5, "rc": 0, "ns": 2197595, "stdout": "Linux version 6.12.75+rpt-rpi-2712 (serge@raspberrypi.com) (aarch64-linux-gnu-gcc-14 (Debian 14.2.0-19) 14.2.0, GNU ld (GNU Binutils for Debian) 2.44) #1 SMP PREEMPT Debian 1:6.12.75-1+rpt1 (2026-03-11)\n", "stderr": ""}
{"cmd": "cat /proc/meminfo", "run": 1, "rc": 0, "ns": 2175743, "stdout": "MemTotal:       16608192 kB\nMemFree:        15819360 kB\nMemAvailable:   16203104 kB\nBuffers:           71104 kB\nCached:           276576 kB\nSwapCached:            0 kB\nActive:           252640 kB\nInactive:         159088 kB\nActive(anon):      76672 kB\nInactive(anon):        0 kB\nActive(file):     175968 kB\nInactive(file):   159088 kB\nUnevictable:           0 kB\nMlocked:               0 kB\nSwapTotal:       2097136 kB\nSwapFree:        2097136 kB\nZswap:                 0 kB\nZswapped:              0 kB\nDirty:                 0 kB\nWriteback:             0 kB\nAnonPages:         64144 kB\nMapped:            52816 kB\nShmem:             12944 kB\nKReclaimable:     171904 kB\nSlab:             221184 kB\nSReclaimable:     171904 kB\nSUnreclaim:        49280 kB\nKernelStack:        2880 kB\nPageTables:         3296 kB\nSecPageTables:       128 kB\nNFS_Unstable:          0 kB\nBounce:                0 kB\nWritebackTmp:          0 kB\nCommitLimit:    10401232 kB\nCommitted_AS:     177888 kB\nVmallocTotal:   68447887360 kB\nVmallocUsed:       66704 kB\nVmallocChunk:          0 kB\nPercpu:             1344 kB\nCmaTotal:          65536 kB\nCmaFree:           55296 kB\n", "stderr": ""}
{"cmd": "cat /proc/meminfo", "run": 2, "rc": 0, "ns": 2220762, "stdout": "MemTotal:       16608192 kB\nMemFree:        15819360 kB\nMemAvailable:   16203104 kB\nBuffers:           71104 kB\nCached:           276576 kB\nSwapCached:            0 kB\nActive:           252640 kB\nInactive:         159088 kB\nActive(anon):      76672 kB\nInactive(anon):        0 kB\nActive(file):     175968 kB\nInactive(file):   159088 kB\nUnevictable:           0 kB\nMlocked:               0 kB\nSwapTotal:       2097136 kB\nSwapFree:        2097136 kB\nZswap:                 0 kB\nZswapped:              0 kB\nDirty:                 0 kB\nWriteback:             0 kB\nAnonPages:         64144 kB\nMapped:            52816 kB\nShmem:             12944 kB\nKReclaimable:     171904 kB\nSlab:             221184 kB\nSReclaimable:     171904 kB\nSUnreclaim:        49280 kB\nKernelStack:        2912 kB\nPageTables:         3296 kB\nSecPageTables:       128 kB\nNFS_Unstable:          0 kB\nBounce:                0 kB\nWritebackTmp:          0 kB\nCommitLimit:    10401232 kB\nCommitted_AS:     177888 kB\nVmallocTotal:   68447887360 kB\nVmallocUsed:       66720 kB\nVmallocChunk:          0 kB\nPercpu:             1344 kB\nCmaTotal:          65536 kB\nCmaFree:           55296 kB\n", "stderr": ""}
{"cmd": "cat /proc/meminfo", "run": 3, "rc": 0, "ns": 2252114, "stdout": "MemTotal:       16608192 kB\nMemFree:        15819360 kB\nMemAvailable:   16203104 kB\nBuffers:           71104 kB\nCached:           276576 kB\nSwapCached:            0 kB\nActive:           252640 kB\nInactive:         159088 kB\nActive(anon):      76672 kB\nInactive(anon):        0 kB\nActive(file):     175968 kB\nInactive(file):   159088 kB\nUnevictable:           0 kB\nMlocked:               0 kB\nSwapTotal:       2097136 kB\nSwapFree:        2097136 kB\nZswap:                 0 kB\nZswapped:              0 kB\nDirty:                 0 kB\nWriteback:             0 kB\nAnonPages:         64144 kB\nMapped:            52816 kB\nShmem:             12944 kB\nKReclaimable:     171904 kB\nSlab:             221184 kB\nSReclaimable:     171904 kB\nSUnreclaim:        49280 kB\nKernelStack:        2880 kB\nPageTables:         3296 kB\nSecPageTables:       128 kB\nNFS_Unstable:          0 kB\nBounce:                0 kB\nWritebackTmp:          0 kB\nCommitLimit:    10401232 kB\nCommitted_AS:     177888 kB\nVmallocTotal:   68447887360 kB\nVmallocUsed:       66736 kB\nVmallocChunk:          0 kB\nPercpu:             1344 kB\nCmaTotal:          65536 kB\nCmaFree:           55296 kB\n", "stderr": ""}
{"cmd": "cat /proc/meminfo", "run": 4, "rc": 0, "ns": 2277335, "stdout": "MemTotal:       16608192 kB\nMemFree:        15819360 kB\nMemAvailable:   16203104 kB\nBuffers:           71104 kB\nCached:           276576 kB\nSwapCached:            0 kB\nActive:           252640 kB\nInactive:         159088 kB\nActive(anon):      76672 kB\nInactive(anon):        0 kB\nActive(file):     175968 kB\nInactive(file):   159088 kB\nUnevictable:           0 kB\nMlocked:               0 kB\nSwapTotal:       2097136 kB\nSwapFree:        2097136 kB\nZswap:                 0 kB\nZswapped:              0 kB\nDirty:                 0 kB\nWriteback:             0 kB\nAnonPages:         64144 kB\nMapped:            52816 kB\nShmem:             12944 kB\nKReclaimable:     171904 kB\nSlab:             221184 kB\nSReclaimable:     171904 kB\nSUnreclaim:        49280 kB\nKernelStack:        2880 kB\nPageTables:         3296 kB\nSecPageTables:       128 kB\nNFS_Unstable:          0 kB\nBounce:                0 kB\nWritebackTmp:          0 kB\nCommitLimit:    10401232 kB\nCommitted_AS:     177888 kB\nVmallocTotal:   68447887360 kB\nVmallocUsed:       66752 kB\nVmallocChunk:          0 kB\nPercpu:             1344 kB\nCmaTotal:          65536 kB\nCmaFree:           55296 kB\n", "stderr": ""}
{"cmd": "cat /proc/meminfo", "run": 5, "rc": 0, "ns": 2243650, "stdout": "MemTotal:       16608192 kB\nMemFree:        15819360 kB\nMemAvailable:   16203104 kB\nBuffers:           71104 kB\nCached:           276576 kB\nSwapCached:            0 kB\nActive:           252640 kB\nInactive:         159088 kB\nActive(anon):      76672 kB\nInactive(anon):        0 kB\nActive(file):     175968 kB\nInactive(file):   159088 kB\nUnevictable:           0 kB\nMlocked:               0 kB\nSwapTotal:       2097136 kB\nSwapFree:        2097136 kB\nZswap:                 0 kB\nZswapped:              0 kB\nDirty:                 0 kB\nWriteback:             0 kB\nAnonPages:         64144 kB\nMapped:            52816 kB\nShmem:             12944 kB\nKReclaimable:     171904 kB\nSlab:             221184 kB\nSReclaimable:     171904 kB\nSUnreclaim:        49280 kB\nKernelStack:        2880 kB\nPageTables:         3296 kB\nSecPageTables:       128 kB\nNFS_Unstable:          0 kB\nBounce:                0 kB\nWritebackTmp:          0 kB\nCommitLimit:    10401232 kB\nCommitted_AS:     177888 kB\nVmallocTotal:   68447887360 kB\nVmallocUsed:       66768 kB\nVmallocChunk:          0 kB\nPercpu:             1344 kB\nCmaTotal:          65536 kB\nCmaFree:           55296 kB\n", "stderr": ""}
{"cmd": "cat /etc/os-release", "run": 1, "rc": 0, "ns": 2260669, "stdout": "PRETTY_NAME=\"Debian GNU/Linux 13 (trixie)\"\nNAME=\"Debian GNU/Linux\"\nVERSION_ID=\"13\"\nVERSION=\"13 (trixie)\"\nVERSION_CODENAME=trixie\nDEBIAN_VERSION_FULL=13.4\nID=debian\nHOME_URL=\"https://www.debian.org/\"\nSUPPORT_URL=\"https://www.debian.org/support\"\nBUG_REPORT_URL=\"https://bugs.debian.org/\"\n", "stderr": ""}
{"cmd": "cat /etc/os-release", "run": 2, "rc": 0, "ns": 2244373, "stdout": "PRETTY_NAME=\"Debian GNU/Linux 13 (trixie)\"\nNAME=\"Debian GNU/Linux\"\nVERSION_ID=\"13\"\nVERSION=\"13 (trixie)\"\nVERSION_CODENAME=trixie\nDEBIAN_VERSION_FULL=13.4\nID=debian\nHOME_URL=\"https://www.debian.org/\"\nSUPPORT_URL=\"https://www.debian.org/support\"\nBUG_REPORT_URL=\"https://bugs.debian.org/\"\n", "stderr": ""}
{"cmd": "cat /etc/os-release", "run": 3, "rc": 0, "ns": 2238724, "stdout": "PRETTY_NAME=\"Debian GNU/Linux 13 (trixie)\"\nNAME=\"Debian GNU/Linux\"\nVERSION_ID=\"13\"\nVERSION=\"13 (trixie)\"\nVERSION_CODENAME=trixie\nDEBIAN_VERSION_FULL=13.4\nID=debian\nHOME_URL=\"https://www.debian.org/\"\nSUPPORT_URL=\"https://www.debian.org/support\"\nBUG_REPORT_URL=\"https://bugs.debian.org/\"\n", "stderr": ""}
{"cmd": "cat /etc/os-release", "run": 4, "rc": 0, "ns": 1209964, "stdout": "PRETTY_NAME=\"Debian GNU/Linux 13 (trixie)\"\nNAME=\"Debian GNU/Linux\"\nVERSION_ID=\"13\"\nVERSION=\"13 (trixie)\"\nVERSION_CODENAME=trixie\nDEBIAN_VERSION_FULL=13.4\nID=debian\nHOME_URL=\"https://www.debian.org/\"\nSUPPORT_URL=\"https://www.debian.org/support\"\nBUG_REPORT_URL=\"https://bugs.debian.org/\"\n", "stderr": ""}
{"cmd": "cat /etc/os-release", "run": 5, "rc": 0, "ns": 1193705, "stdout": "PRETTY_NAME=\"Debian GNU/Linux 13 (trixie)\"\nNAME=\"Debian GNU/Linux\"\nVERSION_ID=\"13\"\nVERSION=\"13 (trixie)\"\nVERSION_CODENAME=trixie\nDEBIAN_VERSION_FULL=13.4\nID=debian\nHOME_URL=\"https://www.debian.org/\"\nSUPPORT_URL=\"https://www.debian.org/support\"\nBUG_REPORT_URL=\"https://bugs.debian.org/\"\n", "stderr": ""}
{"cmd": "cat /etc/debian_version", "run": 1, "rc": 0, "ns": 1178353, "stdout": "13.4\n", "stderr": ""}
{"cmd": "cat /etc/debian_version", "run": 2, "rc": 0, "ns": 2251058, "stdout": "13.4\n", "stderr": ""}
{"cmd": "cat /etc/debian_version", "run": 3, "rc": 0, "ns": 2218521, "stdout": "13.4\n", "stderr": ""}
{"cmd": "cat /etc/debian_version", "run": 4, "rc": 0, "ns": 2299447, "stdout": "13.4\n", "stderr": ""}
{"cmd": "cat /etc/debian_version", "run": 5, "rc": 0, "ns": 1213557, "stdout": "13.4\n", "stderr": ""}
{"cmd": "cat /etc/issue", "run": 1, "rc": 0, "ns": 2232039, "stdout": "Debian GNU/Linux 13 \\n \\l\n\n", "stderr": ""}
{"cmd": "cat /etc/issue", "run": 2, "rc": 0, "ns": 2202262, "stdout": "Debian GNU/Linux 13 \\n \\l\n\n", "stderr": ""}
{"cmd": "cat /etc/issue", "run": 3, "rc": 0, "ns": 1152890, "stdout": "Debian GNU/Linux 13 \\n \\l\n\n", "stderr": ""}
{"cmd": "cat /etc/issue", "run": 4, "rc": 0, "ns": 1195779, "stdout": "Debian GNU/Linux 13 \\n \\l\n\n", "stderr": ""}
{"cmd": "cat /etc/issue", "run": 5, "rc": 0, "ns": 2248132, "stdout": "Debian GNU/Linux 13 \\n \\l\n\n", "stderr": ""}
{"cmd": "lscpu", "run": 1, "rc": 0, "ns": 2830521, "stdout": "Architecture:                            aarch64\nCPU op-mode(s):                          32-bit, 64-bit\nByte Order:                              Little Endian\nCPU(s):                                  4\nOn-line CPU(s) list:                     0-3\nVendor ID:                               ARM\nModel name:                              Cortex-A76\nModel:                                   1\nThread(s) per core:                      1\nCore(s) per cluster:                     4\nSocket(s):                               -\nCluster(s):                              1\nStepping:                                r4p1\nCPU(s) scaling MHz:                      100%\nCPU max MHz:                             2400.0000\nCPU min MHz:                             1500.0000\nBogoMIPS:                                108.00\nFlags:                                   fp asimd evtstrm aes pmull sha1 sha2 crc32 atomics fphp asimdhp cpuid asimdrdm lrcpc dcpop asimddp\nL1d cache:                               256 KiB (4 instances)\nL1i cache:                               256 KiB (4 instances)\nL2 cache:                                2 MiB (4 instances)\nL3 cache:                                2 MiB (1 instance)\nNUMA node(s):                            8\nNUMA node0 CPU(s):                       0-3\nNUMA node1 CPU(s):                       0-3\nNUMA node2 CPU(s):                       0-3\nNUMA node3 CPU(s):                       0-3\nNUMA node4 CPU(s):                       0-3\nNUMA node5 CPU(s):                       0-3\nNUMA node6 CPU(s):                       0-3\nNUMA node7 CPU(s):                       0-3\nVulnerability Gather data sampling:      Not affected\nVulnerability Indirect target selection: Not affected\nVulnerability Itlb multihit:             Not affected\nVulnerability L1tf:                      Not affected\nVulnerability Mds:                       Not affected\nVulnerability Meltdown:                  Not affected\nVulnerability Mmio stale data:           Not affected\nVulnerability Reg file data sampling:    Not affected\nVulnerability Retbleed:                  Not affected\nVulnerability Spec rstack overflow:      Not affected\nVulnerability Spec store bypass:         Mitigation; Speculative Store Bypass disabled via prctl\nVulnerability Spectre v1:                Mitigation; __user pointer sanitization\nVulnerability Spectre v2:                Mitigation; CSV2, BHB\nVulnerability Srbds:                     Not affected\nVulnerability Tsa:                       Not affected\nVulnerability Tsx async abort:           Not affected\nVulnerability Vmscape:                   Not affected\n", "stderr": ""}
{"cmd": "lscpu", "run": 2, "rc": 0, "ns": 2864911, "stdout": "Architecture:                            aarch64\nCPU op-mode(s):                          32-bit, 64-bit\nByte Order:                              Little Endian\nCPU(s):                                  4\nOn-line CPU(s) list:                     0-3\nVendor ID:                               ARM\nModel name:                              Cortex-A76\nModel:                                   1\nThread(s) per core:                      1\nCore(s) per cluster:                     4\nSocket(s):                               -\nCluster(s):                              1\nStepping:                                r4p1\nCPU(s) scaling MHz:                      100%\nCPU max MHz:                             2400.0000\nCPU min MHz:                             1500.0000\nBogoMIPS:                                108.00\nFlags:                                   fp asimd evtstrm aes pmull sha1 sha2 crc32 atomics fphp asimdhp cpuid asimdrdm lrcpc dcpop asimddp\nL1d cache:                               256 KiB (4 instances)\nL1i cache:                               256 KiB (4 instances)\nL2 cache:                                2 MiB (4 instances)\nL3 cache:                                2 MiB (1 instance)\nNUMA node(s):                            8\nNUMA node0 CPU(s):                       0-3\nNUMA node1 CPU(s):                       0-3\nNUMA node2 CPU(s):                       0-3\nNUMA node3 CPU(s):                       0-3\nNUMA node4 CPU(s):                       0-3\nNUMA node5 CPU(s):                       0-3\nNUMA node6 CPU(s):                       0-3\nNUMA node7 CPU(s):                       0-3\nVulnerability Gather data sampling:      Not affected\nVulnerability Indirect target selection: Not affected\nVulnerability Itlb multihit:             Not affected\nVulnerability L1tf:                      Not affected\nVulnerability Mds:                       Not affected\nVulnerability Meltdown:                  Not affected\nVulnerability Mmio stale data:           Not affected\nVulnerability Reg file data sampling:    Not affected\nVulnerability Retbleed:                  Not affected\nVulnerability Spec rstack overflow:      Not affected\nVulnerability Spec store bypass:         Mitigation; Speculative Store Bypass disabled via prctl\nVulnerability Spectre v1:                Mitigation; __user pointer sanitization\nVulnerability Spectre v2:                Mitigation; CSV2, BHB\nVulnerability Srbds:                     Not affected\nVulnerability Tsa:                       Not affected\nVulnerability Tsx async abort:           Not affected\nVulnerability Vmscape:                   Not affected\n", "stderr": ""}
{"cmd": "lscpu", "run": 3, "rc": 0, "ns": 2857781, "stdout": "Architecture:                            aarch64\nCPU op-mode(s):                          32-bit, 64-bit\nByte Order:                              Little Endian\nCPU(s):                                  4\nOn-line CPU(s) list:                     0-3\nVendor ID:                               ARM\nModel name:                              Cortex-A76\nModel:                                   1\nThread(s) per core:                      1\nCore(s) per cluster:                     4\nSocket(s):                               -\nCluster(s):                              1\nStepping:                                r4p1\nCPU(s) scaling MHz:                      100%\nCPU max MHz:                             2400.0000\nCPU min MHz:                             1500.0000\nBogoMIPS:                                108.00\nFlags:                                   fp asimd evtstrm aes pmull sha1 sha2 crc32 atomics fphp asimdhp cpuid asimdrdm lrcpc dcpop asimddp\nL1d cache:                               256 KiB (4 instances)\nL1i cache:                               256 KiB (4 instances)\nL2 cache:                                2 MiB (4 instances)\nL3 cache:                                2 MiB (1 instance)\nNUMA node(s):                            8\nNUMA node0 CPU(s):                       0-3\nNUMA node1 CPU(s):                       0-3\nNUMA node2 CPU(s):                       0-3\nNUMA node3 CPU(s):                       0-3\nNUMA node4 CPU(s):                       0-3\nNUMA node5 CPU(s):                       0-3\nNUMA node6 CPU(s):                       0-3\nNUMA node7 CPU(s):                       0-3\nVulnerability Gather data sampling:      Not affected\nVulnerability Indirect target selection: Not affected\nVulnerability Itlb multihit:             Not affected\nVulnerability L1tf:                      Not affected\nVulnerability Mds:                       Not affected\nVulnerability Meltdown:                  Not affected\nVulnerability Mmio stale data:           Not affected\nVulnerability Reg file data sampling:    Not affected\nVulnerability Retbleed:                  Not affected\nVulnerability Spec rstack overflow:      Not affected\nVulnerability Spec store bypass:         Mitigation; Speculative Store Bypass disabled via prctl\nVulnerability Spectre v1:                Mitigation; __user pointer sanitization\nVulnerability Spectre v2:                Mitigation; CSV2, BHB\nVulnerability Srbds:                     Not affected\nVulnerability Tsa:                       Not affected\nVulnerability Tsx async abort:           Not affected\nVulnerability Vmscape:                   Not affected\n", "stderr": ""}
{"cmd": "lscpu", "run": 4, "rc": 0, "ns": 2833744, "stdout": "Architecture:                            aarch64\nCPU op-mode(s):                          32-bit, 64-bit\nByte Order:                              Little Endian\nCPU(s):                                  4\nOn-line CPU(s) list:                     0-3\nVendor ID:                               ARM\nModel name:                              Cortex-A76\nModel:                                   1\nThread(s) per core:                      1\nCore(s) per cluster:                     4\nSocket(s):                               -\nCluster(s):                              1\nStepping:                                r4p1\nCPU(s) scaling MHz:                      100%\nCPU max MHz:                             2400.0000\nCPU min MHz:                             1500.0000\nBogoMIPS:                                108.00\nFlags:                                   fp asimd evtstrm aes pmull sha1 sha2 crc32 atomics fphp asimdhp cpuid asimdrdm lrcpc dcpop asimddp\nL1d cache:                               256 KiB (4 instances)\nL1i cache:                               256 KiB (4 instances)\nL2 cache:                                2 MiB (4 instances)\nL3 cache:                                2 MiB (1 instance)\nNUMA node(s):                            8\nNUMA node0 CPU(s):                       0-3\nNUMA node1 CPU(s):                       0-3\nNUMA node2 CPU(s):                       0-3\nNUMA node3 CPU(s):                       0-3\nNUMA node4 CPU(s):                       0-3\nNUMA node5 CPU(s):                       0-3\nNUMA node6 CPU(s):                       0-3\nNUMA node7 CPU(s):                       0-3\nVulnerability Gather data sampling:      Not affected\nVulnerability Indirect target selection: Not affected\nVulnerability Itlb multihit:             Not affected\nVulnerability L1tf:                      Not affected\nVulnerability Mds:                       Not affected\nVulnerability Meltdown:                  Not affected\nVulnerability Mmio stale data:           Not affected\nVulnerability Reg file data sampling:    Not affected\nVulnerability Retbleed:                  Not affected\nVulnerability Spec rstack overflow:      Not affected\nVulnerability Spec store bypass:         Mitigation; Speculative Store Bypass disabled via prctl\nVulnerability Spectre v1:                Mitigation; __user pointer sanitization\nVulnerability Spectre v2:                Mitigation; CSV2, BHB\nVulnerability Srbds:                     Not affected\nVulnerability Tsa:                       Not affected\nVulnerability Tsx async abort:           Not affected\nVulnerability Vmscape:                   Not affected\n", "stderr": ""}
{"cmd": "lscpu", "run": 5, "rc": 0, "ns": 2804910, "stdout": "Architecture:                            aarch64\nCPU op-mode(s):                          32-bit, 64-bit\nByte Order:                              Little Endian\nCPU(s):                                  4\nOn-line CPU(s) list:                     0-3\nVendor ID:                               ARM\nModel name:                              Cortex-A76\nModel:                                   1\nThread(s) per core:                      1\nCore(s) per cluster:                     4\nSocket(s):                               -\nCluster(s):                              1\nStepping:                                r4p1\nCPU(s) scaling MHz:                      100%\nCPU max MHz:                             2400.0000\nCPU min MHz:                             1500.0000\nBogoMIPS:                                108.00\nFlags:                                   fp asimd evtstrm aes pmull sha1 sha2 crc32 atomics fphp asimdhp cpuid asimdrdm lrcpc dcpop asimddp\nL1d cache:                               256 KiB (4 instances)\nL1i cache:                               256 KiB (4 instances)\nL2 cache:                                2 MiB (4 instances)\nL3 cache:                                2 MiB (1 instance)\nNUMA node(s):                            8\nNUMA node0 CPU(s):                       0-3\nNUMA node1 CPU(s):                       0-3\nNUMA node2 CPU(s):                       0-3\nNUMA node3 CPU(s):                       0-3\nNUMA node4 CPU(s):                       0-3\nNUMA node5 CPU(s):                       0-3\nNUMA node6 CPU(s):                       0-3\nNUMA node7 CPU(s):                       0-3\nVulnerability Gather data sampling:      Not affected\nVulnerability Indirect target selection: Not affected\nVulnerability Itlb multihit:             Not affected\nVulnerability L1tf:                      Not affected\nVulnerability Mds:                       Not affected\nVulnerability Meltdown:                  Not affected\nVulnerability Mmio stale data:           Not affected\nVulnerability Reg file data sampling:    Not affected\nVulnerability Retbleed:                  Not affected\nVulnerability Spec rstack overflow:      Not affected\nVulnerability Spec store bypass:         Mitigation; Speculative Store Bypass disabled via prctl\nVulnerability Spectre v1:                Mitigation; __user pointer sanitization\nVulnerability Spectre v2:                Mitigation; CSV2, BHB\nVulnerability Srbds:                     Not affected\nVulnerability Tsa:                       Not affected\nVulnerability Tsx async abort:           Not affected\nVulnerability Vmscape:                   Not affected\n", "stderr": ""}
{"cmd": "lsb_release -a", "run": 1, "rc": 0, "ns": 5171653, "stdout": "Distributor ID:\tDebian\nDescription:\tDebian GNU/Linux 13 (trixie)\nRelease:\t13\nCodename:\ttrixie\n", "stderr": ""}
{"cmd": "lsb_release -a", "run": 2, "rc": 0, "ns": 5324616, "stdout": "Distributor ID:\tDebian\nDescription:\tDebian GNU/Linux 13 (trixie)\nRelease:\t13\nCodename:\ttrixie\n", "stderr": ""}
{"cmd": "lsb_release -a", "run": 3, "rc": 0, "ns": 5310265, "stdout": "Distributor ID:\tDebian\nDescription:\tDebian GNU/Linux 13 (trixie)\nRelease:\t13\nCodename:\ttrixie\n", "stderr": ""}
{"cmd": "lsb_release -a", "run": 4, "rc": 0, "ns": 5364449, "stdout": "Distributor ID:\tDebian\nDescription:\tDebian GNU/Linux 13 (trixie)\nRelease:\t13\nCodename:\ttrixie\n", "stderr": ""}
{"cmd": "lsb_release -a", "run": 5, "rc": 0, "ns": 5206431, "stdout": "Distributor ID:\tDebian\nDescription:\tDebian GNU/Linux 13 (trixie)\nRelease:\t13\nCodename:\ttrixie\n", "stderr": ""}
{"cmd": "uptime", "run": 1, "rc": 0, "ns": 2937484, "stdout": " 09:22:10 up 1 day, 17:31,  3 users,  load average: 0.00, 0.00, 0.00\n", "stderr": ""}
{"cmd": "uptime", "run": 2, "rc": 0, "ns": 2839373, "stdout": " 09:22:10 up 1 day, 17:31,  3 users,  load average: 0.00, 0.00, 0.00\n", "stderr": ""}
{"cmd": "uptime", "run": 3, "rc": 0, "ns": 2849873, "stdout": " 09:22:10 up 1 day, 17:31,  3 users,  load average: 0.00, 0.00, 0.00\n", "stderr": ""}
{"cmd": "uptime", "run": 4, "rc": 0, "ns": 2758577, "stdout": " 09:22:10 up 1 day, 17:31,  3 users,  load average: 0.00, 0.00, 0.00\n", "stderr": ""}
{"cmd": "uptime", "run": 5, "rc": 0, "ns": 2800429, "stdout": " 09:22:10 up 1 day, 17:31,  3 users,  load average: 0.00, 0.00, 0.00\n", "stderr": ""}
{"cmd": "date", "run": 1, "rc": 0, "ns": 1271687, "stdout": "Fri 24 Apr 09:22:10 EDT 2026\n", "stderr": ""}
{"cmd": "date", "run": 2, "rc": 0, "ns": 1227131, "stdout": "Fri 24 Apr 09:22:10 EDT 2026\n", "stderr": ""}
{"cmd": "date", "run": 3, "rc": 0, "ns": 1208575, "stdout": "Fri 24 Apr 09:22:10 EDT 2026\n", "stderr": ""}
{"cmd": "date", "run": 4, "rc": 0, "ns": 1246334, "stdout": "Fri 24 Apr 09:22:10 EDT 2026\n", "stderr": ""}
{"cmd": "date", "run": 5, "rc": 0, "ns": 1203538, "stdout": "Fri 24 Apr 09:22:10 EDT 2026\n", "stderr": ""}
{"cmd": "free -m", "run": 1, "rc": 0, "ns": 2710132, "stdout": "               total        used        free      shared  buff/cache   available\nMem:           16218         398       15445          12         507       15820\nSwap:           2047           0        2047\n", "stderr": ""}
{"cmd": "free -m", "run": 2, "rc": 0, "ns": 2717151, "stdout": "               total        used        free      shared  buff/cache   available\nMem:           16218         398       15445          12         507       15820\nSwap:           2047           0        2047\n", "stderr": ""}
{"cmd": "free -m", "run": 3, "rc": 0, "ns": 2737577, "stdout": "               total        used        free      shared  buff/cache   available\nMem:           16218         398       15445          12         507       15820\nSwap:           2047           0        2047\n", "stderr": ""}
{"cmd": "free -m", "run": 4, "rc": 0, "ns": 2779521, "stdout": "               total        used        free      shared  buff/cache   available\nMem:           16218         398       15445          12         507       15820\nSwap:           2047           0        2047\n", "stderr": ""}
{"cmd": "free -m", "run": 5, "rc": 0, "ns": 2764929, "stdout": "               total        used        free      shared  buff/cache   available\nMem:           16218         398       15445          12         507       15820\nSwap:           2047           0        2047\n", "stderr": ""}
{"cmd": "free -h", "run": 1, "rc": 0, "ns": 2749928, "stdout": "               total        used        free      shared  buff/cache   available\nMem:            15Gi       398Mi        15Gi        12Mi       507Mi        15Gi\nSwap:          2.0Gi          0B       2.0Gi\n", "stderr": ""}
{"cmd": "free -h", "run": 2, "rc": 0, "ns": 2856817, "stdout": "               total        used        free      shared  buff/cache   available\nMem:            15Gi       398Mi        15Gi        12Mi       507Mi        15Gi\nSwap:          2.0Gi          0B       2.0Gi\n", "stderr": ""}
{"cmd": "free -h", "run": 3, "rc": 0, "ns": 2758651, "stdout": "               total        used        free      shared  buff/cache   available\nMem:            15Gi       398Mi        15Gi        12Mi       507Mi        15Gi\nSwap:          2.0Gi          0B       2.0Gi\n", "stderr": ""}
{"cmd": "free -h", "run": 4, "rc": 0, "ns": 2730336, "stdout": "               total        used        free      shared  buff/cache   available\nMem:            15Gi       398Mi        15Gi        12Mi       507Mi        15Gi\nSwap:          2.0Gi          0B       2.0Gi\n", "stderr": ""}
{"cmd": "free -h", "run": 5, "rc": 0, "ns": 2794966, "stdout": "               total        used        free      shared  buff/cache   available\nMem:            15Gi       398Mi        15Gi        12Mi       507Mi        15Gi\nSwap:          2.0Gi          0B       2.0Gi\n", "stderr": ""}
{"cmd": "df -h", "run": 1, "rc": 0, "ns": 1513594, "stdout": "Filesystem      Size  Used Avail Use% Mounted on\nudev            7.9G     0  7.9G   0% /dev\ntmpfs           3.2G   13M  3.2G   1% /run\n/dev/mmcblk0p2  117G  4.1G  109G   4% /\ntmpfs           8.0G     0  8.0G   0% /dev/shm\ntmpfs           5.0M   48K  5.0M   1% /run/lock\ntmpfs           1.0M     0  1.0M   0% /run/credentials/systemd-journald.service\ntmpfs           8.0G     0  8.0G   0% /tmp\n/dev/mmcblk0p1  505M   74M  431M  15% /boot/firmware\ntmpfs           1.0M     0  1.0M   0% /run/credentials/serial-getty@ttyAMA10.service\ntmpfs           1.0M     0  1.0M   0% /run/credentials/getty@tty1.service\ntmpfs           1.6G   32K  1.6G   1% /run/user/1000\n", "stderr": ""}
{"cmd": "df -h", "run": 2, "rc": 0, "ns": 1493742, "stdout": "Filesystem      Size  Used Avail Use% Mounted on\nudev            7.9G     0  7.9G   0% /dev\ntmpfs           3.2G   13M  3.2G   1% /run\n/dev/mmcblk0p2  117G  4.1G  109G   4% /\ntmpfs           8.0G     0  8.0G   0% /dev/shm\ntmpfs           5.0M   48K  5.0M   1% /run/lock\ntmpfs           1.0M     0  1.0M   0% /run/credentials/systemd-journald.service\ntmpfs           8.0G     0  8.0G   0% /tmp\n/dev/mmcblk0p1  505M   74M  431M  15% /boot/firmware\ntmpfs           1.0M     0  1.0M   0% /run/credentials/serial-getty@ttyAMA10.service\ntmpfs           1.0M     0  1.0M   0% /run/credentials/getty@tty1.service\ntmpfs           1.6G   32K  1.6G   1% /run/user/1000\n", "stderr": ""}
{"cmd": "df -h", "run": 3, "rc": 0, "ns": 1459149, "stdout": "Filesystem      Size  Used Avail Use% Mounted on\nudev            7.9G     0  7.9G   0% /dev\ntmpfs           3.2G   13M  3.2G   1% /run\n/dev/mmcblk0p2  117G  4.1G  109G   4% /\ntmpfs           8.0G     0  8.0G   0% /dev/shm\ntmpfs           5.0M   48K  5.0M   1% /run/lock\ntmpfs           1.0M     0  1.0M   0% /run/credentials/systemd-journald.service\ntmpfs           8.0G     0  8.0G   0% /tmp\n/dev/mmcblk0p1  505M   74M  431M  15% /boot/firmware\ntmpfs           1.0M     0  1.0M   0% /run/credentials/serial-getty@ttyAMA10.service\ntmpfs           1.0M     0  1.0M   0% /run/credentials/getty@tty1.service\ntmpfs           1.6G   32K  1.6G   1% /run/user/1000\n", "stderr": ""}
{"cmd": "df -h", "run": 4, "rc": 0, "ns": 1530353, "stdout": "Filesystem      Size  Used Avail Use% Mounted on\nudev            7.9G     0  7.9G   0% /dev\ntmpfs           3.2G   13M  3.2G   1% /run\n/dev/mmcblk0p2  117G  4.1G  109G   4% /\ntmpfs           8.0G     0  8.0G   0% /dev/shm\ntmpfs           5.0M   48K  5.0M   1% /run/lock\ntmpfs           1.0M     0  1.0M   0% /run/credentials/systemd-journald.service\ntmpfs           8.0G     0  8.0G   0% /tmp\n/dev/mmcblk0p1  505M   74M  431M  15% /boot/firmware\ntmpfs           1.0M     0  1.0M   0% /run/credentials/serial-getty@ttyAMA10.service\ntmpfs           1.0M     0  1.0M   0% /run/credentials/getty@tty1.service\ntmpfs           1.6G   32K  1.6G   1% /run/user/1000\n", "stderr": ""}
{"cmd": "df -h", "run": 5, "rc": 0, "ns": 1400149, "stdout": "Filesystem      Size  Used Avail Use% Mounted on\nudev            7.9G     0  7.9G   0% /dev\ntmpfs           3.2G   13M  3.2G   1% /run\n/dev/mmcblk0p2  117G  4.1G  109G   4% /\ntmpfs           8.0G     0  8.0G   0% /dev/shm\ntmpfs           5.0M   48K  5.0M   1% /run/lock\ntmpfs           1.0M     0  1.0M   0% /run/credentials/systemd-journald.service\ntmpfs           8.0G     0  8.0G   0% /tmp\n/dev/mmcblk0p1  505M   74M  431M  15% /boot/firmware\ntmpfs           1.0M     0  1.0M   0% /run/credentials/serial-getty@ttyAMA10.service\ntmpfs           1.0M     0  1.0M   0% /run/credentials/getty@tty1.service\ntmpfs           1.6G   32K  1.6G   1% /run/user/1000\n", "stderr": ""}
{"cmd": "df -i", "run": 1, "rc": 0, "ns": 1376057, "stdout": "Filesystem      Inodes IUsed   IFree IUse% Mounted on\nudev            516397   507  515890    1% /dev\ntmpfs           519006   916  518090    1% /run\n/dev/mmcblk0p2 7775376 73120 7702256    1% /\ntmpfs           519006     1  519005    1% /dev/shm\ntmpfs           519006     5  519001    1% /run/lock\ntmpfs             1024     1    1023    1% /run/credentials/systemd-journald.service\ntmpfs          1048576    13 1048563    1% /tmp\n/dev/mmcblk0p1       0     0       0     - /boot/firmware\ntmpfs             1024     1    1023    1% /run/credentials/serial-getty@ttyAMA10.service\ntmpfs             1024     1    1023    1% /run/credentials/getty@tty1.service\ntmpfs           415204    35  415169    1% /run/user/1000\n", "stderr": ""}
{"cmd": "df -i", "run": 2, "rc": 0, "ns": 1533835, "stdout": "Filesystem      Inodes IUsed   IFree IUse% Mounted on\nudev            516397   507  515890    1% /dev\ntmpfs           519006   916  518090    1% /run\n/dev/mmcblk0p2 7775376 73120 7702256    1% /\ntmpfs           519006     1  519005    1% /dev/shm\ntmpfs           519006     5  519001    1% /run/lock\ntmpfs             1024     1    1023    1% /run/credentials/systemd-journald.service\ntmpfs          1048576    13 1048563    1% /tmp\n/dev/mmcblk0p1       0     0       0     - /boot/firmware\ntmpfs             1024     1    1023    1% /run/credentials/serial-getty@ttyAMA10.service\ntmpfs             1024     1    1023    1% /run/credentials/getty@tty1.service\ntmpfs           415204    35  415169    1% /run/user/1000\n", "stderr": ""}
{"cmd": "df -i", "run": 3, "rc": 0, "ns": 1466686, "stdout": "Filesystem      Inodes IUsed   IFree IUse% Mounted on\nudev            516397   507  515890    1% /dev\ntmpfs           519006   916  518090    1% /run\n/dev/mmcblk0p2 7775376 73120 7702256    1% /\ntmpfs           519006     1  519005    1% /dev/shm\ntmpfs           519006     5  519001    1% /run/lock\ntmpfs             1024     1    1023    1% /run/credentials/systemd-journald.service\ntmpfs          1048576    13 1048563    1% /tmp\n/dev/mmcblk0p1       0     0       0     - /boot/firmware\ntmpfs             1024     1    1023    1% /run/credentials/serial-getty@ttyAMA10.service\ntmpfs             1024     1    1023    1% /run/credentials/getty@tty1.service\ntmpfs           415204    35  415169    1% /run/user/1000\n", "stderr": ""}
{"cmd": "df -i", "run": 4, "rc": 0, "ns": 1431075, "stdout": "Filesystem      Inodes IUsed   IFree IUse% Mounted on\nudev            516397   507  515890    1% /dev\ntmpfs           519006   916  518090    1% /run\n/dev/mmcblk0p2 7775376 73120 7702256    1% /\ntmpfs           519006     1  519005    1% /dev/shm\ntmpfs           519006     5  519001    1% /run/lock\ntmpfs             1024     1    1023    1% /run/credentials/systemd-journald.service\ntmpfs          1048576    13 1048563    1% /tmp\n/dev/mmcblk0p1       0     0       0     - /boot/firmware\ntmpfs             1024     1    1023    1% /run/credentials/serial-getty@ttyAMA10.service\ntmpfs             1024     1    1023    1% /run/credentials/getty@tty1.service\ntmpfs           415204    35  415169    1% /run/user/1000\n", "stderr": ""}
{"cmd": "df -i", "run": 5, "rc": 0, "ns": 1469539, "stdout": "Filesystem      Inodes IUsed   IFree IUse% Mounted on\nudev            516397   507  515890    1% /dev\ntmpfs           519006   916  518090    1% /run\n/dev/mmcblk0p2 7775376 73120 7702256    1% /\ntmpfs           519006     1  519005    1% /dev/shm\ntmpfs           519006     5  519001    1% /run/lock\ntmpfs             1024     1    1023    1% /run/credentials/systemd-journald.service\ntmpfs          1048576    13 1048563    1% /tmp\n/dev/mmcblk0p1       0     0       0     - /boot/firmware\ntmpfs             1024     1    1023    1% /run/credentials/serial-getty@ttyAMA10.service\ntmpfs             1024     1    1023    1% /run/credentials/getty@tty1.service\ntmpfs           415204    35  415169    1% /run/user/1000\n", "stderr": ""}
{"cmd": "mount", "run": 1, "rc": 0, "ns": 1842891, "stdout": "sysfs on /sys type sysfs (rw,nosuid,nodev,noexec,relatime)\nproc on /proc type proc (rw,relatime)\nudev on /dev type devtmpfs (rw,nosuid,relatime,size=8262352k,nr_inodes=516397,mode=755)\ndevpts on /dev/pts type devpts (rw,nosuid,noexec,relatime,gid=5,mode=600,ptmxmode=000)\ntmpfs on /run type tmpfs (rw,nosuid,nodev,noexec,relatime,size=3321648k,mode=755)\n/dev/mmcblk0p2 on / type ext4 (rw,noatime)\nsecurityfs on /sys/kernel/security type securityfs (rw,nosuid,nodev,noexec,relatime)\ntmpfs on /dev/shm type tmpfs (rw,nosuid,nodev)\ncgroup2 on /sys/fs/cgroup type cgroup2 (rw,nosuid,nodev,noexec,relatime,nsdelegate,memory_recursiveprot)\npstore on /sys/fs/pstore type pstore (rw,nosuid,nodev,noexec,relatime)\nbpf on /sys/fs/bpf type bpf (rw,nosuid,nodev,noexec,relatime,mode=700)\nsystemd-1 on /proc/sys/fs/binfmt_misc type autofs (rw,relatime,fd=37,pgrp=1,timeout=0,minproto=5,maxproto=5,direct,pipe_ino=3278)\nmqueue on /dev/mqueue type mqueue (rw,nosuid,nodev,noexec,relatime)\ntmpfs on /run/lock type tmpfs (rw,nosuid,nodev,noexec,relatime,size=5120k)\ndebugfs on /sys/kernel/debug type debugfs (rw,nosuid,nodev,noexec,relatime)\ntracefs on /sys/kernel/tracing type tracefs (rw,nosuid,nodev,noexec,relatime)\ntmpfs on /run/credentials/systemd-journald.service type tmpfs (ro,nosuid,nodev,noexec,relatime,nosymfollow,size=1024k,nr_inodes=1024,mode=700,noswap)\nfusectl on /sys/fs/fuse/connections type fusectl (rw,nosuid,nodev,noexec,relatime)\nconfigfs on /sys/kernel/config type configfs (rw,nosuid,nodev,noexec,relatime)\ntmpfs on /tmp type tmpfs (rw,nosuid,nodev,nr_inodes=1048576)\n/dev/mmcblk0p1 on /boot/firmware type vfat (rw,relatime,fmask=0022,dmask=0022,codepage=437,iocharset=ascii,shortname=mixed,errors=remount-ro)\nbinfmt_misc on /proc/sys/fs/binfmt_misc type binfmt_misc (rw,nosuid,nodev,noexec,relatime)\ntmpfs on /run/credentials/serial-getty@ttyAMA10.service type tmpfs (ro,nosuid,nodev,noexec,relatime,nosymfollow,size=1024k,nr_inodes=1024,mode=700,noswap)\ntmpfs on /run/credentials/getty@tty1.service type tmpfs (ro,nosuid,nodev,noexec,relatime,nosymfollow,size=1024k,nr_inodes=1024,mode=700,noswap)\ntmpfs on /run/user/1000 type tmpfs (rw,nosuid,nodev,relatime,size=1660816k,nr_inodes=415204,mode=700,uid=1000,gid=1000)\ntracefs on /sys/kernel/debug/tracing type tracefs (rw,nosuid,nodev,noexec,relatime)\n", "stderr": ""}
{"cmd": "mount", "run": 2, "rc": 0, "ns": 1835187, "stdout": "sysfs on /sys type sysfs (rw,nosuid,nodev,noexec,relatime)\nproc on /proc type proc (rw,relatime)\nudev on /dev type devtmpfs (rw,nosuid,relatime,size=8262352k,nr_inodes=516397,mode=755)\ndevpts on /dev/pts type devpts (rw,nosuid,noexec,relatime,gid=5,mode=600,ptmxmode=000)\ntmpfs on /run type tmpfs (rw,nosuid,nodev,noexec,relatime,size=3321648k,mode=755)\n/dev/mmcblk0p2 on / type ext4 (rw,noatime)\nsecurityfs on /sys/kernel/security type securityfs (rw,nosuid,nodev,noexec,relatime)\ntmpfs on /dev/shm type tmpfs (rw,nosuid,nodev)\ncgroup2 on /sys/fs/cgroup type cgroup2 (rw,nosuid,nodev,noexec,relatime,nsdelegate,memory_recursiveprot)\npstore on /sys/fs/pstore type pstore (rw,nosuid,nodev,noexec,relatime)\nbpf on /sys/fs/bpf type bpf (rw,nosuid,nodev,noexec,relatime,mode=700)\nsystemd-1 on /proc/sys/fs/binfmt_misc type autofs (rw,relatime,fd=37,pgrp=1,timeout=0,minproto=5,maxproto=5,direct,pipe_ino=3278)\nmqueue on /dev/mqueue type mqueue (rw,nosuid,nodev,noexec,relatime)\ntmpfs on /run/lock type tmpfs (rw,nosuid,nodev,noexec,relatime,size=5120k)\ndebugfs on /sys/kernel/debug type debugfs (rw,nosuid,nodev,noexec,relatime)\ntracefs on /sys/kernel/tracing type tracefs (rw,nosuid,nodev,noexec,relatime)\ntmpfs on /run/credentials/systemd-journald.service type tmpfs (ro,nosuid,nodev,noexec,relatime,nosymfollow,size=1024k,nr_inodes=1024,mode=700,noswap)\nfusectl on /sys/fs/fuse/connections type fusectl (rw,nosuid,nodev,noexec,relatime)\nconfigfs on /sys/kernel/config type configfs (rw,nosuid,nodev,noexec,relatime)\ntmpfs on /tmp type tmpfs (rw,nosuid,nodev,nr_inodes=1048576)\n/dev/mmcblk0p1 on /boot/firmware type vfat (rw,relatime,fmask=0022,dmask=0022,codepage=437,iocharset=ascii,shortname=mixed,errors=remount-ro)\nbinfmt_misc on /proc/sys/fs/binfmt_misc type binfmt_misc (rw,nosuid,nodev,noexec,relatime)\ntmpfs on /run/credentials/serial-getty@ttyAMA10.service type tmpfs (ro,nosuid,nodev,noexec,relatime,nosymfollow,size=1024k,nr_inodes=1024,mode=700,noswap)\ntmpfs on /run/credentials/getty@tty1.service type tmpfs (ro,nosuid,nodev,noexec,relatime,nosymfollow,size=1024k,nr_inodes=1024,mode=700,noswap)\ntmpfs on /run/user/1000 type tmpfs (rw,nosuid,nodev,relatime,size=1660816k,nr_inodes=415204,mode=700,uid=1000,gid=1000)\ntracefs on /sys/kernel/debug/tracing type tracefs (rw,nosuid,nodev,noexec,relatime)\n", "stderr": ""}
{"cmd": "mount", "run": 3, "rc": 0, "ns": 1866298, "stdout": "sysfs on /sys type sysfs (rw,nosuid,nodev,noexec,relatime)\nproc on /proc type proc (rw,relatime)\nudev on /dev type devtmpfs (rw,nosuid,relatime,size=8262352k,nr_inodes=516397,mode=755)\ndevpts on /dev/pts type devpts (rw,nosuid,noexec,relatime,gid=5,mode=600,ptmxmode=000)\ntmpfs on /run type tmpfs (rw,nosuid,nodev,noexec,relatime,size=3321648k,mode=755)\n/dev/mmcblk0p2 on / type ext4 (rw,noatime)\nsecurityfs on /sys/kernel/security type securityfs (rw,nosuid,nodev,noexec,relatime)\ntmpfs on /dev/shm type tmpfs (rw,nosuid,nodev)\ncgroup2 on /sys/fs/cgroup type cgroup2 (rw,nosuid,nodev,noexec,relatime,nsdelegate,memory_recursiveprot)\npstore on /sys/fs/pstore type pstore (rw,nosuid,nodev,noexec,relatime)\nbpf on /sys/fs/bpf type bpf (rw,nosuid,nodev,noexec,relatime,mode=700)\nsystemd-1 on /proc/sys/fs/binfmt_misc type autofs (rw,relatime,fd=37,pgrp=1,timeout=0,minproto=5,maxproto=5,direct,pipe_ino=3278)\nmqueue on /dev/mqueue type mqueue (rw,nosuid,nodev,noexec,relatime)\ntmpfs on /run/lock type tmpfs (rw,nosuid,nodev,noexec,relatime,size=5120k)\ndebugfs on /sys/kernel/debug type debugfs (rw,nosuid,nodev,noexec,relatime)\ntracefs on /sys/kernel/tracing type tracefs (rw,nosuid,nodev,noexec,relatime)\ntmpfs on /run/credentials/systemd-journald.service type tmpfs (ro,nosuid,nodev,noexec,relatime,nosymfollow,size=1024k,nr_inodes=1024,mode=700,noswap)\nfusectl on /sys/fs/fuse/connections type fusectl (rw,nosuid,nodev,noexec,relatime)\nconfigfs on /sys/kernel/config type configfs (rw,nosuid,nodev,noexec,relatime)\ntmpfs on /tmp type tmpfs (rw,nosuid,nodev,nr_inodes=1048576)\n/dev/mmcblk0p1 on /boot/firmware type vfat (rw,relatime,fmask=0022,dmask=0022,codepage=437,iocharset=ascii,shortname=mixed,errors=remount-ro)\nbinfmt_misc on /proc/sys/fs/binfmt_misc type binfmt_misc (rw,nosuid,nodev,noexec,relatime)\ntmpfs on /run/credentials/serial-getty@ttyAMA10.service type tmpfs (ro,nosuid,nodev,noexec,relatime,nosymfollow,size=1024k,nr_inodes=1024,mode=700,noswap)\ntmpfs on /run/credentials/getty@tty1.service type tmpfs (ro,nosuid,nodev,noexec,relatime,nosymfollow,size=1024k,nr_inodes=1024,mode=700,noswap)\ntmpfs on /run/user/1000 type tmpfs (rw,nosuid,nodev,relatime,size=1660816k,nr_inodes=415204,mode=700,uid=1000,gid=1000)\ntracefs on /sys/kernel/debug/tracing type tracefs (rw,nosuid,nodev,noexec,relatime)\n", "stderr": ""}
{"cmd": "mount", "run": 4, "rc": 0, "ns": 1868872, "stdout": "sysfs on /sys type sysfs (rw,nosuid,nodev,noexec,relatime)\nproc on /proc type proc (rw,relatime)\nudev on /dev type devtmpfs (rw,nosuid,relatime,size=8262352k,nr_inodes=516397,mode=755)\ndevpts on /dev/pts type devpts (rw,nosuid,noexec,relatime,gid=5,mode=600,ptmxmode=000)\ntmpfs on /run type tmpfs (rw,nosuid,nodev,noexec,relatime,size=3321648k,mode=755)\n/dev/mmcblk0p2 on / type ext4 (rw,noatime)\nsecurityfs on /sys/kernel/security type securityfs (rw,nosuid,nodev,noexec,relatime)\ntmpfs on /dev/shm type tmpfs (rw,nosuid,nodev)\ncgroup2 on /sys/fs/cgroup type cgroup2 (rw,nosuid,nodev,noexec,relatime,nsdelegate,memory_recursiveprot)\npstore on /sys/fs/pstore type pstore (rw,nosuid,nodev,noexec,relatime)\nbpf on /sys/fs/bpf type bpf (rw,nosuid,nodev,noexec,relatime,mode=700)\nsystemd-1 on /proc/sys/fs/binfmt_misc type autofs (rw,relatime,fd=37,pgrp=1,timeout=0,minproto=5,maxproto=5,direct,pipe_ino=3278)\nmqueue on /dev/mqueue type mqueue (rw,nosuid,nodev,noexec,relatime)\ntmpfs on /run/lock type tmpfs (rw,nosuid,nodev,noexec,relatime,size=5120k)\ndebugfs on /sys/kernel/debug type debugfs (rw,nosuid,nodev,noexec,relatime)\ntracefs on /sys/kernel/tracing type tracefs (rw,nosuid,nodev,noexec,relatime)\ntmpfs on /run/credentials/systemd-journald.service type tmpfs (ro,nosuid,nodev,noexec,relatime,nosymfollow,size=1024k,nr_inodes=1024,mode=700,noswap)\nfusectl on /sys/fs/fuse/connections type fusectl (rw,nosuid,nodev,noexec,relatime)\nconfigfs on /sys/kernel/config type configfs (rw,nosuid,nodev,noexec,relatime)\ntmpfs on /tmp type tmpfs (rw,nosuid,nodev,nr_inodes=1048576)\n/dev/mmcblk0p1 on /boot/firmware type vfat (rw,relatime,fmask=0022,dmask=0022,codepage=437,iocharset=ascii,shortname=mixed,errors=remount-ro)\nbinfmt_misc on /proc/sys/fs/binfmt_misc type binfmt_misc (rw,nosuid,nodev,noexec,relatime)\ntmpfs on /run/credentials/serial-getty@ttyAMA10.service type tmpfs (ro,nosuid,nodev,noexec,relatime,nosymfollow,size=1024k,nr_inodes=1024,mode=700,noswap)\ntmpfs on /run/credentials/getty@tty1.service type tmpfs (ro,nosuid,nodev,noexec,relatime,nosymfollow,size=1024k,nr_inodes=1024,mode=700,noswap)\ntmpfs on /run/user/1000 type tmpfs (rw,nosuid,nodev,relatime,size=1660816k,nr_inodes=415204,mode=700,uid=1000,gid=1000)\ntracefs on /sys/kernel/debug/tracing type tracefs (rw,nosuid,nodev,noexec,relatime)\n", "stderr": ""}
{"cmd": "mount", "run": 5, "rc": 0, "ns": 1866483, "stdout": "sysfs on /sys type sysfs (rw,nosuid,nodev,noexec,relatime)\nproc on /proc type proc (rw,relatime)\nudev on /dev type devtmpfs (rw,nosuid,relatime,size=8262352k,nr_inodes=516397,mode=755)\ndevpts on /dev/pts type devpts (rw,nosuid,noexec,relatime,gid=5,mode=600,ptmxmode=000)\ntmpfs on /run type tmpfs (rw,nosuid,nodev,noexec,relatime,size=3321648k,mode=755)\n/dev/mmcblk0p2 on / type ext4 (rw,noatime)\nsecurityfs on /sys/kernel/security type securityfs (rw,nosuid,nodev,noexec,relatime)\ntmpfs on /dev/shm type tmpfs (rw,nosuid,nodev)\ncgroup2 on /sys/fs/cgroup type cgroup2 (rw,nosuid,nodev,noexec,relatime,nsdelegate,memory_recursiveprot)\npstore on /sys/fs/pstore type pstore (rw,nosuid,nodev,noexec,relatime)\nbpf on /sys/fs/bpf type bpf (rw,nosuid,nodev,noexec,relatime,mode=700)\nsystemd-1 on /proc/sys/fs/binfmt_misc type autofs (rw,relatime,fd=37,pgrp=1,timeout=0,minproto=5,maxproto=5,direct,pipe_ino=3278)\nmqueue on /dev/mqueue type mqueue (rw,nosuid,nodev,noexec,relatime)\ntmpfs on /run/lock type tmpfs (rw,nosuid,nodev,noexec,relatime,size=5120k)\ndebugfs on /sys/kernel/debug type debugfs (rw,nosuid,nodev,noexec,relatime)\ntracefs on /sys/kernel/tracing type tracefs (rw,nosuid,nodev,noexec,relatime)\ntmpfs on /run/credentials/systemd-journald.service type tmpfs (ro,nosuid,nodev,noexec,relatime,nosymfollow,size=1024k,nr_inodes=1024,mode=700,noswap)\nfusectl on /sys/fs/fuse/connections type fusectl (rw,nosuid,nodev,noexec,relatime)\nconfigfs on /sys/kernel/config type configfs (rw,nosuid,nodev,noexec,relatime)\ntmpfs on /tmp type tmpfs (rw,nosuid,nodev,nr_inodes=1048576)\n/dev/mmcblk0p1 on /boot/firmware type vfat (rw,relatime,fmask=0022,dmask=0022,codepage=437,iocharset=ascii,shortname=mixed,errors=remount-ro)\nbinfmt_misc on /proc/sys/fs/binfmt_misc type binfmt_misc (rw,nosuid,nodev,noexec,relatime)\ntmpfs on /run/credentials/serial-getty@ttyAMA10.service type tmpfs (ro,nosuid,nodev,noexec,relatime,nosymfollow,size=1024k,nr_inodes=1024,mode=700,noswap)\ntmpfs on /run/credentials/getty@tty1.service type tmpfs (ro,nosuid,nodev,noexec,relatime,nosymfollow,size=1024k,nr_inodes=1024,mode=700,noswap)\ntmpfs on /run/user/1000 type tmpfs (rw,nosuid,nodev,relatime,size=1660816k,nr_inodes=415204,mode=700,uid=1000,gid=1000)\ntracefs on /sys/kernel/debug/tracing type tracefs (rw,nosuid,nodev,noexec,relatime)\n", "stderr": ""}
{"cmd": "ps aux", "run": 1, "rc": 0, "ns": 9079935, "stdout": "USER         PID %CPU %MEM    VSZ   RSS TTY      STAT START   TIME COMMAND\nroot           1  0.0  0.0  25664 15056 ?        Ss   Apr22   0:04 /sbin/init\nroot           2  0.0  0.0      0     0 ?        S    Apr22   0:00 [kthreadd]\nroot           3  0.0  0.0      0     0 ?        S    Apr22   0:00 [pool_workqueue_release]\nroot           4  0.0  0.0      0     0 ?        I<   Apr22   0:00 [kworker/R-kvfree_rcu_reclaim]\nroot           5  0.0  0.0      0     0 ?        I<   Apr22   0:00 [kworker/R-rcu_gp]\nroot           6  0.0  0.0      0     0 ?        I<   Apr22   0:00 [kworker/R-sync_wq]\nroot           7  0.0  0.0      0     0 ?        I<   Apr22   0:00 [kworker/R-slub_flushwq]\nroot           8  0.0  0.0      0     0 ?        I<   Apr22   0:00 [kworker/R-netns]\nroot          10  0.0  0.0      0     0 ?        I<   Apr22   0:00 [kworker/0:0H-events_highpri]\nroot          12  0.0  0.0      0     0 ?        I    Apr22   0:00 [kworker/u16:0-ipv6_addrconf]\nroot          13  0.0  0.0      0     0 ?        I<   Apr22   0:00 [kworker/R-mm_percpu_wq]\nroot          14  0.0  0.0      0     0 ?        I    Apr22   0:00 [rcu_tasks_kthread]\nroot          15  0.0  0.0      0     0 ?        I    Apr22   0:00 [rcu_tasks_rude_kthread]\nroot          16  0.0  0.0      0     0 ?        I    Apr22   0:00 [rcu_tasks_trace_kthread]\nroot          17  0.0  0.0      0     0 ?        S    Apr22   0:00 [ksoftirqd/0]\nroot          18  0.0  0.0      0     0 ?        I    Apr22   0:00 [rcu_preempt]\nroot          19  0.0  0.0      0     0 ?        S    Apr22   0:00 [rcu_exp_par_gp_kthread_worker/0]\nroot          20  0.0  0.0      0     0 ?        S    Apr22   0:00 [rcu_exp_gp_kthread_worker]\nroot          21  0.0  0.0      0     0 ?        S    Apr22   0:00 [migration/0]\nroot          22  0.0  0.0      0     0 ?        S    Apr22   0:00 [cpuhp/0]\nroot          23  0.0  0.0      0     0 ?        S    Apr22   0:00 [cpuhp/1]\nroot          24  0.0  0.0      0     0 ?        S    Apr22   0:00 [migration/1]\nroot          25  0.0  0.0      0     0 ?        S    Apr22   0:00 [ksoftirqd/1]\nroot          28  0.0  0.0      0     0 ?        S    Apr22   0:00 [cpuhp/2]\nroot          29  0.0  0.0      0     0 ?        S    Apr22   0:00 [migration/2]\nroot          30  0.0  0.0      0     0 ?        S    Apr22   0:00 [ksoftirqd/2]\nroot          33  0.0  0.0      0     0 ?        S    Apr22   0:00 [cpuhp/3]\nroot          34  0.0  0.0      0     0 ?        S    Apr22   0:00 [migration/3]\nroot          35  0.0  0.0      0     0 ?        S    Apr22   0:00 [ksoftirqd/3]\nroot          42  0.0  0.0      0     0 ?        S    Apr22   0:00 [kdevtmpfs]\nroot          43  0.0  0.0      0     0 ?        I<   Apr22   0:00 [kworker/R-inet_frag_wq]\nroot          44  0.0  0.0      0     0 ?        S    Apr22   0:00 [kauditd]\nroot          45  0.0  0.0      0     0 ?        S    Apr22   0:00 [khungtaskd]\nroot          46  0.0  0.0      0     0 ?        S    Apr22   0:00 [oom_reaper]\nroot          48  0.0  0.0      0     0 ?        I<   Apr22   0:00 [kworker/R-writeback]\nroot          49  0.0  0.0      0     0 ?        S    Apr22   0:00 [kcompactd0]\nroot          50  0.0  0.0      0     0 ?        S    Apr22   0:00 [kcompactd1]\nroot          51  0.0  0.0      0     0 ?        S    Apr22   0:00 [kcompactd2]\nroot          52  0.0  0.0      0     0 ?        S    Apr22   0:00 [kcompactd3]\nroot          53  0.0  0.0      0     0 ?        S    Apr22   0:00 [kcompactd4]\nroot          54  0.0  0.0      0     0 ?        S    Apr22   0:00 [kcompactd5]\nroot          55  0.0  0.0      0     0 ?        S    Apr22   0:00 [kcompactd6]\nroot          56  0.0  0.0      0     0 ?        S    Apr22   0:00 [kcompactd7]\nroot          57  0.0  0.0      0     0 ?        I<   Apr22   0:00 [kworker/R-kintegrityd]\nroot          58  0.0  0.0      0     0 ?        I<   Apr22   0:00 [kworker/R-kblockd]\nroot          59  0.0  0.0      0     0 ?        I<   Apr22   0:00 [kworker/R-blkcg_punt_bio]\nroot          62  0.0  0.0      0     0 ?        S    Apr22   0:00 [watchdogd]\nroot          66  0.0  0.0      0     0 ?        I<   Apr22   0:00 [kworker/R-quota_events_unbound]\nroot          67  0.0  0.0      0     0 ?        I<   Apr22   0:00 [kworker/0:1H-mmc_complete]\nroot          68  0.0  0.0      0     0 ?        I<   Apr22   0:00 [kworker/R-rpciod]\nroot          69  0.0  0.0      0     0 ?        I<   Apr22   0:00 [kworker/R-xprtiod]\nroot          70  0.0  0.0      0     0 ?        S    Apr22   0:00 [kswapd0]\nroot          71  0.0  0.0      0     0 ?        S    Apr22   0:00 [kswapd1]\nroot          72  0.0  0.0      0     0 ?        S    Apr22   0:00 [kswapd2]\nroot          73  0.0  0.0      0     0 ?        S    Apr22   0:00 [kswapd3]\nroot          74  0.0  0.0      0     0 ?        S    Apr22   0:00 [kswapd4]\nroot          75  0.0  0.0      0     0 ?        S    Apr22   0:00 [kswapd5]\nroot          76  0.0  0.0      0     0 ?        S    Apr22   0:00 [kswapd6]\nroot          77  0.0  0.0      0     0 ?        S    Apr22   0:00 [kswapd7]\nroot          78  0.0  0.0      0     0 ?        I<   Apr22   0:00 [kworker/R-nfsiod]\nroot          79  0.0  0.0      0     0 ?        I<   Apr22   0:00 [kworker/R-kthrotld]\nroot          85  0.0  0.0      0     0 ?        S    Apr22   0:00 [hwrng]\nroot          86  0.0  0.0      0     0 ?        I<   Apr22   0:00 [kworker/R-iscsi_conn_cleanup]\nroot          87  0.0  0.0      0     0 ?        I<   Apr22   0:00 [kworker/R-nvme-wq]\nroot          88  0.0  0.0      0     0 ?        I<   Apr22   0:00 [kworker/R-nvme-reset-wq]\nroot          89  0.0  0.0      0     0 ?        I<   Apr22   0:00 [kworker/R-nvme-delete-wq]\nroot          90  0.0  0.0      0     0 ?        I<   Apr22   0:00 [kworker/R-DWC Notification WorkQ]\nroot          91  0.0  0.0      0     0 ?        I<   Apr22   0:00 [kworker/R-uas]\nroot          93  0.0  0.0      0     0 ?        I<   Apr22   0:00 [kworker/3:1H-kblockd]\nroot          94  0.0  0.0      0     0 ?        I<   Apr22   0:07 [kworker/u21:0-brcmf_wq/mmc1:0001:1]\nroot          95  0.0  0.0      0     0 ?        I<   Apr22   0:00 [kworker/u22:0]\nroot          96  0.0  0.0      0     0 ?        I<   Apr22   0:00 [kworker/u23:0]\nroot          97  0.0  0.0      0     0 ?        I<   Apr22   0:00 [kworker/u24:0]\nroot          98  0.0  0.0      0     0 ?        I<   Apr22   0:00 [kworker/u25:0]\nroot          99  0.0  0.0      0     0 ?        S    Apr22   0:00 [irq/38-aerdrv]\nroot         102  0.0  0.0      0     0 ?        I<   Apr22   0:00 [kworker/R-sdhci]\nroot         104  0.0  0.0      0     0 ?        S    Apr22   0:00 [irq/161-mmc0]\nroot         106  0.0  0.0      0     0 ?        I<   Apr22   0:00 [kworker/R-sdhci]\nroot         107  0.0  0.0      0     0 ?        S    Apr22   0:00 [irq/162-mmc1]\nroot         111  0.0  0.0      0     0 ?        I<   Apr22   0:00 [kworker/R-mmc_complete]\nroot         136  0.0  0.0      0     0 ?        I<   Apr22   0:00 [kworker/1:1H-kblockd]\nroot         161  0.0  0.0      0     0 ?        I<   Apr22   0:00 [kworker/2:1H-kblockd]\nroot         169  0.0  0.0      0     0 ?        S    Apr22   0:00 [spi10]\nroot         195  0.0  0.0      0     0 ?        S    Apr22   0:00 [jbd2/mmcblk0p2-8]\nroot         196  0.0  0.0      0     0 ?        I<   Apr22   0:00 [kworker/R-ext4-rsv-conversion]\nroot         213  0.0  0.0      0     0 ?        I<   Apr22   0:00 [kworker/R-mld]\nroot         214  0.0  0.0      0     0 ?        I<   Apr22   0:00 [kworker/R-ipv6_addrconf]\nroot         215  0.0  0.0      0     0 ?        I    Apr22   0:00 [kworker/u16:1-ipv6_addrconf]\nroot         228  0.0  0.0      0     0 ?        I<   Apr22   0:00 [kworker/2:2H]\nroot         319  0.0  0.0  26992 15760 ?        Ss   Apr22   0:01 /usr/lib/systemd/systemd-journald\nsystemd+     362  0.0  0.0  92560  8080 ?        Ssl  Apr22   0:00 /usr/lib/systemd/systemd-timesyncd\nroot         389  0.0  0.0  35232 10624 ?        Ss   Apr22   0:00 /usr/lib/systemd/systemd-udevd\nroot         520  0.0  0.0      0     0 ?        I<   Apr22   0:00 [kworker/R-v3d_bin]\nroot         521  0.0  0.0      0     0 ?        I<   Apr22   0:00 [kworker/R-v3d_render]\nroot         522  0.0  0.0      0     0 ?        I<   Apr22   0:00 [kworker/R-v3d_tfu]\nroot         523  0.0  0.0      0     0 ?        I<   Apr22   0:00 [kworker/R-v3d_csd]\nroot         524  0.0  0.0      0     0 ?        I<   Apr22   0:00 [kworker/R-v3d_cache_clean]\nroot         525  0.0  0.0      0     0 ?        I<   Apr22   0:00 [kworker/R-v3d_cpu]\nroot         529  0.0  0.0      0     0 ?        S    Apr22   0:00 [irq/169-1000800000.codec]\nroot         530  0.0  0.0      0     0 ?        I<   Apr22   0:00 [kworker/R-cfg80211]\nroot         554  0.0  0.0      0     0 ?        I<   Apr22   0:00 [kworker/R-brcmf_wq/mmc1:0001:1]\nroot         555  0.0  0.0      0     0 ?        S    Apr22   0:00 [brcmf_wdog/mmc1:0001:1]\nroot         558  0.0  0.0      0     0 ?        S    Apr22   0:00 [irq/174-vc4 hdmi hpd connected]\nroot         559  0.0  0.0      0     0 ?        S    Apr22   0:00 [irq/175-vc4 hdmi hpd disconnected]\nroot         560  0.0  0.0      0     0 ?        S    Apr22   0:00 [cec-vc4-hdmi-0]\nroot         561  0.0  0.0      0     0 ?        S    Apr22   0:00 [irq/176-vc4 hdmi cec rx]\nroot         562  0.0  0.0      0     0 ?        S    Apr22   0:00 [irq/177-vc4 hdmi cec tx]\nroot         565  0.0  0.0      0     0 ?        S    Apr22   0:00 [irq/178-vc4 hdmi hpd connected]\nroot         566  0.0  0.0      0     0 ?        S    Apr22   0:00 [irq/179-vc4 hdmi hpd disconnected]\nroot         567  0.0  0.0      0     0 ?        S    Apr22   0:00 [cec-vc4-hdmi-1]\nroot         568  0.0  0.0      0     0 ?        S    Apr22   0:00 [irq/180-vc4 hdmi cec rx]\nroot         569  0.0  0.0      0     0 ?        S    Apr22   0:00 [irq/181-vc4 hdmi cec tx]\nroot         570  0.0  0.0      0     0 ?        S    Apr22   0:00 [card1-crtc0]\nroot         571  0.0  0.0      0     0 ?        S    Apr22   0:00 [card1-crtc1]\nroot         572  0.0  0.0      0     0 ?        S    Apr22   0:00 [card1-crtc2]\nroot         573  0.0  0.0      0     0 ?        S    Apr22   0:00 [card1-crtc3]\nroot         582  0.0  0.0      0     0 ?        I<   Apr22   0:00 [kworker/u21:1-hci0]\navahi        626  0.0  0.0   6032  3552 ?        Ss   Apr22   0:00 avahi-daemon: running [raspberrypi.local]\nroot         627  0.0  0.0  13152  6464 ?        Ss   Apr22   0:00 /usr/libexec/bluetooth/bluetoothd\nroot         628  0.0  0.0   7152  2928 ?        Ss   Apr22   0:00 /usr/sbin/cron -f\nmessage+     629  0.0  0.0   9200  5696 ?        Ss   Apr22   0:11 /usr/bin/dbus-daemon --system --address=systemd: --nofork --nopidfile --systemd-activation --syslog-only\nroot         634  0.0  0.0  19200  8928 ?        Ss   Apr22   0:00 /usr/lib/systemd/systemd-logind\navahi        652  0.0  0.0   5856  1888 ?        S    Apr22   0:00 avahi-daemon: chroot helper\nroot         684  0.0  0.1 345520 25568 ?        Ssl  Apr22   0:29 /usr/sbin/NetworkManager --no-daemon\nroot         685  0.0  0.0  19344 12736 ?        Ss   Apr22   0:11 /usr/sbin/wpa_supplicant -u -s -O DIR=/run/wpa_supplicant GROUP=netdev\nroot         693  0.0  0.0      0     0 ?        S<   Apr22   0:00 [krfcommd]\nroot        1083  0.0  0.0   7456  2784 ?        Ss+  Apr22   0:00 /sbin/agetty -o -- \\u --noreset --noclear --keep-baud 115200,57600,38400,9600 - vt220\nroot        1085  0.0  0.0  11648  7728 ?        Ss   Apr22   0:00 sshd: /usr/sbin/sshd -D [listener] 0 of 10-100 startups\nroot        1171  0.0  0.0      0     0 ?        I<   Apr22   0:00 [kworker/1:0H]\nroot        1313  0.0  0.0      0     0 ?        I    Apr22   0:00 [kworker/u18:3-events_unbound]\nroot        2073  0.0  0.0      0     0 ?        I    Apr23   0:00 [kworker/u18:1-kvfree_rcu_reclaim]\nroot        2520  0.0  0.0   9536  4720 ?        Ss   Apr23   0:00 login -- pi\npi          2533  0.0  0.0  23344 12784 ?        Ss   Apr23   0:00 /usr/lib/systemd/systemd --user\npi          2535  0.0  0.0  24400  4640 ?        S    Apr23   0:00 (sd-pam)\npi          2553  0.0  0.0   7328  3552 ?        Ss   Apr23   0:00 /usr/bin/mpris-proxy\npi          2554  0.0  0.0   8160  4144 ?        Ss   Apr23   0:00 /usr/bin/dbus-daemon --session --address=systemd: --nofork --nopidfile --systemd-activation --syslog-only\npi          2555  0.0  0.0   9088  5936 tty1     Ss+  Apr23   0:00 -bash\nroot        3353  0.0  0.0      0     0 ?        I<   Apr23   0:00 [kworker/3:2H]\npolkitd     5149  0.0  0.0 382656  9424 ?        Ssl  Apr23   0:00 /usr/lib/polkit-1/polkitd --no-debug --log-level=notice\nroot       12648  0.0  0.0      0     0 ?        I    Apr23   0:00 [kworker/u17:0-kvfree_rcu_reclaim]\nroot       14380  0.0  0.0      0     0 ?        I    00:00   0:00 [kworker/u19:0-kvfree_rcu_reclaim]\nroot       14620  0.0  0.0      0     0 ?        I    04:06   0:00 [kworker/u17:2-kvfree_rcu_reclaim]\nroot       14874  0.0  0.0      0     0 ?        I    07:17   0:00 [kworker/u20:1-kvfree_rcu_reclaim]\nroot       14937  0.0  0.0      0     0 ?        I    08:12   0:00 [kworker/0:1-events]\nroot       15026  0.0  0.0      0     0 ?        I    08:26   0:00 [kworker/u20:2-kvfree_rcu_reclaim]\nroot       15033  0.0  0.0      0     0 ?        I    08:27   0:00 [kworker/u18:0-kvfree_rcu_reclaim]\nroot       15036  0.0  0.0      0     0 ?        I    08:30   0:00 [kworker/u19:1-kvfree_rcu_reclaim]\nroot       15054  0.0  0.0      0     0 ?        I    08:36   0:00 [kworker/3:1-events]\nroot       15097  0.0  0.0      0     0 ?        I    08:49   0:00 [kworker/u19:3-kvfree_rcu_reclaim]\nroot       15124  0.0  0.0      0     0 ?        I    08:51   0:00 [kworker/2:2-events]\nroot       15139  0.0  0.0      0     0 ?        I    08:54   0:00 [kworker/1:1-events]\nroot       15157  0.0  0.0      0     0 ?        I    09:02   0:00 [kworker/u20:3-events_unbound]\nroot       15181  0.0  0.0      0     0 ?        I    09:09   0:00 [kworker/u17:1-events_unbound]\nroot       15182  0.0  0.0      0     0 ?        I    09:09   0:00 [kworker/1:0-events]\nroot       15184  0.0  0.0  21968 12896 ?        Ss   09:10   0:00 sshd-session: pi [priv]\npi         15193  0.0  0.0  22176  8192 ?        S    09:10   0:00 sshd-session: pi@pts/0\npi         15194  0.0  0.0   8800  5616 pts/0    Ss+  09:10   0:00 -bash\nroot       15207  0.0  0.0      0     0 ?        I    09:13   0:00 [kworker/2:0-events]\nroot       15208  0.0  0.0      0     0 ?        I    09:14   0:00 [kworker/0:2-events]\nroot       15210  0.0  0.0      0     0 ?        I    09:14   0:00 [kworker/3:2-events]\nroot       15222  0.0  0.0      0     0 ?        I    09:17   0:00 [kworker/1:2-events]\nroot       15224  0.0  0.0      0     0 ?        I    09:18   0:00 [kworker/2:1-events]\nroot       15226  0.0  0.0      0     0 ?        I    09:20   0:00 [kworker/3:0-events]\nroot       15227  0.0  0.0      0     0 ?        I    09:21   0:00 [kworker/0:0-events]\nroot       15228  0.9  0.0  21808 11696 ?        Ss   09:22   0:00 sshd-session: pi [priv]\npi         15237  0.0  0.0  22432  8416 ?        S    09:22   0:00 sshd-session: pi@notty\npi         15238 15.5  0.0  19872 12208 ?        Ss   09:22   0:00 python3 -\nroot       15270 10.5  0.0  18608  7968 ?        Ss   09:22   0:00 /usr/lib/systemd/systemd-hostnamed\nroot       15271  0.0  0.0  35248  6576 ?        S    09:22   0:00 (udev-worker)\npi         15481  0.0  0.0   9312  4080 ?        R    09:22   0:00 ps aux\n", "stderr": ""}
{"cmd": "ps aux", "run": 2, "rc": 0, "ns": 8966619, "stdout": "USER         PID %CPU %MEM    VSZ   RSS TTY      STAT START   TIME COMMAND\nroot           1  0.0  0.0  25664 15056 ?        Ss   Apr22   0:04 /sbin/init\nroot           2  0.0  0.0      0     0 ?        S    Apr22   0:00 [kthreadd]\nroot           3  0.0  0.0      0     0 ?        S    Apr22   0:00 [pool_workqueue_release]\nroot           4  0.0  0.0      0     0 ?        I<   Apr22   0:00 [kworker/R-kvfree_rcu_reclaim]\nroot           5  0.0  0.0      0     0 ?        I<   Apr22   0:00 [kworker/R-rcu_gp]\nroot           6  0.0  0.0      0     0 ?        I<   Apr22   0:00 [kworker/R-sync_wq]\nroot           7  0.0  0.0      0     0 ?        I<   Apr22   0:00 [kworker/R-slub_flushwq]\nroot           8  0.0  0.0      0     0 ?        I<   Apr22   0:00 [kworker/R-netns]\nroot          10  0.0  0.0      0     0 ?        I<   Apr22   0:00 [kworker/0:0H-events_highpri]\nroot          12  0.0  0.0      0     0 ?        I    Apr22   0:00 [kworker/u16:0-ipv6_addrconf]\nroot          13  0.0  0.0      0     0 ?        I<   Apr22   0:00 [kworker/R-mm_percpu_wq]\nroot          14  0.0  0.0      0     0 ?        I    Apr22   0:00 [rcu_tasks_kthread]\nroot          15  0.0  0.0      0     0 ?        I    Apr22   0:00 [rcu_tasks_rude_kthread]\nroot          16  0.0  0.0      0     0 ?        I    Apr22   0:00 [rcu_tasks_trace_kthread]\nroot          17  0.0  0.0      0     0 ?        S    Apr22   0:00 [ksoftirqd/0]\nroot          18  0.0  0.0      0     0 ?        I    Apr22   0:00 [rcu_preempt]\nroot          19  0.0  0.0      0     0 ?        S    Apr22   0:00 [rcu_exp_par_gp_kthread_worker/0]\nroot          20  0.0  0.0      0     0 ?        S    Apr22   0:00 [rcu_exp_gp_kthread_worker]\nroot          21  0.0  0.0      0     0 ?        S    Apr22   0:00 [migration/0]\nroot          22  0.0  0.0      0     0 ?        S    Apr22   0:00 [cpuhp/0]\nroot          23  0.0  0.0      0     0 ?        S    Apr22   0:00 [cpuhp/1]\nroot          24  0.0  0.0      0     0 ?        S    Apr22   0:00 [migration/1]\nroot          25  0.0  0.0      0     0 ?        S    Apr22   0:00 [ksoftirqd/1]\nroot          28  0.0  0.0      0     0 ?        S    Apr22   0:00 [cpuhp/2]\nroot          29  0.0  0.0      0     0 ?        S    Apr22   0:00 [migration/2]\nroot          30  0.0  0.0      0     0 ?        S    Apr22   0:00 [ksoftirqd/2]\nroot          33  0.0  0.0      0     0 ?        S    Apr22   0:00 [cpuhp/3]\nroot          34  0.0  0.0      0     0 ?        S    Apr22   0:00 [migration/3]\nroot          35  0.0  0.0      0     0 ?        S    Apr22   0:00 [ksoftirqd/3]\nroot          42  0.0  0.0      0     0 ?        S    Apr22   0:00 [kdevtmpfs]\nroot          43  0.0  0.0      0     0 ?        I<   Apr22   0:00 [kworker/R-inet_frag_wq]\nroot          44  0.0  0.0      0     0 ?        S    Apr22   0:00 [kauditd]\nroot          45  0.0  0.0      0     0 ?        S    Apr22   0:00 [khungtaskd]\nroot          46  0.0  0.0      0     0 ?        S    Apr22   0:00 [oom_reaper]\nroot          48  0.0  0.0      0     0 ?        I<   Apr22   0:00 [kworker/R-writeback]\nroot          49  0.0  0.0      0     0 ?        S    Apr22   0:00 [kcompactd0]\nroot          50  0.0  0.0      0     0 ?        S    Apr22   0:00 [kcompactd1]\nroot          51  0.0  0.0      0     0 ?        S    Apr22   0:00 [kcompactd2]\nroot          52  0.0  0.0      0     0 ?        S    Apr22   0:00 [kcompactd3]\nroot          53  0.0  0.0      0     0 ?        S    Apr22   0:00 [kcompactd4]\nroot          54  0.0  0.0      0     0 ?        S    Apr22   0:00 [kcompactd5]\nroot          55  0.0  0.0      0     0 ?        S    Apr22   0:00 [kcompactd6]\nroot          56  0.0  0.0      0     0 ?        S    Apr22   0:00 [kcompactd7]\nroot          57  0.0  0.0      0     0 ?        I<   Apr22   0:00 [kworker/R-kintegrityd]\nroot          58  0.0  0.0      0     0 ?        I<   Apr22   0:00 [kworker/R-kblockd]\nroot          59  0.0  0.0      0     0 ?        I<   Apr22   0:00 [kworker/R-blkcg_punt_bio]\nroot          62  0.0  0.0      0     0 ?        S    Apr22   0:00 [watchdogd]\nroot          66  0.0  0.0      0     0 ?        I<   Apr22   0:00 [kworker/R-quota_events_unbound]\nroot          67  0.0  0.0      0     0 ?        I<   Apr22   0:00 [kworker/0:1H-mmc_complete]\nroot          68  0.0  0.0      0     0 ?        I<   Apr22   0:00 [kworker/R-rpciod]\nroot          69  0.0  0.0      0     0 ?        I<   Apr22   0:00 [kworker/R-xprtiod]\nroot          70  0.0  0.0      0     0 ?        S    Apr22   0:00 [kswapd0]\nroot          71  0.0  0.0      0     0 ?        S    Apr22   0:00 [kswapd1]\nroot          72  0.0  0.0      0     0 ?        S    Apr22   0:00 [kswapd2]\nroot          73  0.0  0.0      0     0 ?        S    Apr22   0:00 [kswapd3]\nroot          74  0.0  0.0      0     0 ?        S    Apr22   0:00 [kswapd4]\nroot          75  0.0  0.0      0     0 ?        S    Apr22   0:00 [kswapd5]\nroot          76  0.0  0.0      0     0 ?        S    Apr22   0:00 [kswapd6]\nroot          77  0.0  0.0      0     0 ?        S    Apr22   0:00 [kswapd7]\nroot          78  0.0  0.0      0     0 ?        I<   Apr22   0:00 [kworker/R-nfsiod]\nroot          79  0.0  0.0      0     0 ?        I<   Apr22   0:00 [kworker/R-kthrotld]\nroot          85  0.0  0.0      0     0 ?        S    Apr22   0:00 [hwrng]\nroot          86  0.0  0.0      0     0 ?        I<   Apr22   0:00 [kworker/R-iscsi_conn_cleanup]\nroot          87  0.0  0.0      0     0 ?        I<   Apr22   0:00 [kworker/R-nvme-wq]\nroot          88  0.0  0.0      0     0 ?        I<   Apr22   0:00 [kworker/R-nvme-reset-wq]\nroot          89  0.0  0.0      0     0 ?        I<   Apr22   0:00 [kworker/R-nvme-delete-wq]\nroot          90  0.0  0.0      0     0 ?        I<   Apr22   0:00 [kworker/R-DWC Notification WorkQ]\nroot          91  0.0  0.0      0     0 ?        I<   Apr22   0:00 [kworker/R-uas]\nroot          93  0.0  0.0      0     0 ?        I<   Apr22   0:00 [kworker/3:1H-kblockd]\nroot          94  0.0  0.0      0     0 ?        I<   Apr22   0:07 [kworker/u21:0-brcmf_wq/mmc1:0001:1]\nroot          95  0.0  0.0      0     0 ?        I<   Apr22   0:00 [kworker/u22:0]\nroot          96  0.0  0.0      0     0 ?        I<   Apr22   0:00 [kworker/u23:0]\nroot          97  0.0  0.0      0     0 ?        I<   Apr22   0:00 [kworker/u24:0]\nroot          98  0.0  0.0      0     0 ?        I<   Apr22   0:00 [kworker/u25:0]\nroot          99  0.0  0.0      0     0 ?        S    Apr22   0:00 [irq/38-aerdrv]\nroot         102  0.0  0.0      0     0 ?        I<   Apr22   0:00 [kworker/R-sdhci]\nroot         104  0.0  0.0      0     0 ?        S    Apr22   0:00 [irq/161-mmc0]\nroot         106  0.0  0.0      0     0 ?        I<   Apr22   0:00 [kworker/R-sdhci]\nroot         107  0.0  0.0      0     0 ?        S    Apr22   0:00 [irq/162-mmc1]\nroot         111  0.0  0.0      0     0 ?        I<   Apr22   0:00 [kworker/R-mmc_complete]\nroot         136  0.0  0.0      0     0 ?        I<   Apr22   0:00 [kworker/1:1H-kblockd]\nroot         161  0.0  0.0      0     0 ?        I<   Apr22   0:00 [kworker/2:1H-kblockd]\nroot         169  0.0  0.0      0     0 ?        S    Apr22   0:00 [spi10]\nroot         195  0.0  0.0      0     0 ?        S    Apr22   0:00 [jbd2/mmcblk0p2-8]\nroot         196  0.0  0.0      0     0 ?        I<   Apr22   0:00 [kworker/R-ext4-rsv-conversion]\nroot         213  0.0  0.0      0     0 ?        I<   Apr22   0:00 [kworker/R-mld]\nroot         214  0.0  0.0      0     0 ?        I<   Apr22   0:00 [kworker/R-ipv6_addrconf]\nroot         215  0.0  0.0      0     0 ?        I    Apr22   0:00 [kworker/u16:1-ipv6_addrconf]\nroot         228  0.0  0.0      0     0 ?        I<   Apr22   0:00 [kworker/2:2H]\nroot         319  0.0  0.0  26992 15760 ?        Ss   Apr22   0:01 /usr/lib/systemd/systemd-journald\nsystemd+     362  0.0  0.0  92560  8080 ?        Ssl  Apr22   0:00 /usr/lib/systemd/systemd-timesyncd\nroot         389  0.0  0.0  35232 10624 ?        Ss   Apr22   0:00 /usr/lib/systemd/systemd-udevd\nroot         520  0.0  0.0      0     0 ?        I<   Apr22   0:00 [kworker/R-v3d_bin]\nroot         521  0.0  0.0      0     0 ?        I<   Apr22   0:00 [kworker/R-v3d_render]\nroot         522  0.0  0.0      0     0 ?        I<   Apr22   0:00 [kworker/R-v3d_tfu]\nroot         523  0.0  0.0      0     0 ?        I<   Apr22   0:00 [kworker/R-v3d_csd]\nroot         524  0.0  0.0      0     0 ?        I<   Apr22   0:00 [kworker/R-v3d_cache_clean]\nroot         525  0.0  0.0      0     0 ?        I<   Apr22   0:00 [kworker/R-v3d_cpu]\nroot         529  0.0  0.0      0     0 ?        S    Apr22   0:00 [irq/169-1000800000.codec]\nroot         530  0.0  0.0      0     0 ?        I<   Apr22   0:00 [kworker/R-cfg80211]\nroot         554  0.0  0.0      0     0 ?        I<   Apr22   0:00 [kworker/R-brcmf_wq/mmc1:0001:1]\nroot         555  0.0  0.0      0     0 ?        S    Apr22   0:00 [brcmf_wdog/mmc1:0001:1]\nroot         558  0.0  0.0      0     0 ?        S    Apr22   0:00 [irq/174-vc4 hdmi hpd connected]\nroot         559  0.0  0.0      0     0 ?        S    Apr22   0:00 [irq/175-vc4 hdmi hpd disconnected]\nroot         560  0.0  0.0      0     0 ?        S    Apr22   0:00 [cec-vc4-hdmi-0]\nroot         561  0.0  0.0      0     0 ?        S    Apr22   0:00 [irq/176-vc4 hdmi cec rx]\nroot         562  0.0  0.0      0     0 ?        S    Apr22   0:00 [irq/177-vc4 hdmi cec tx]\nroot         565  0.0  0.0      0     0 ?        S    Apr22   0:00 [irq/178-vc4 hdmi hpd connected]\nroot         566  0.0  0.0      0     0 ?        S    Apr22   0:00 [irq/179-vc4 hdmi hpd disconnected]\nroot         567  0.0  0.0      0     0 ?        S    Apr22   0:00 [cec-vc4-hdmi-1]\nroot         568  0.0  0.0      0     0 ?        S    Apr22   0:00 [irq/180-vc4 hdmi cec rx]\nroot         569  0.0  0.0      0     0 ?        S    Apr22   0:00 [irq/181-vc4 hdmi cec tx]\nroot         570  0.0  0.0      0     0 ?        S    Apr22   0:00 [card1-crtc0]\nroot         571  0.0  0.0      0     0 ?        S    Apr22   0:00 [card1-crtc1]\nroot         572  0.0  0.0      0     0 ?        S    Apr22   0:00 [card1-crtc2]\nroot         573  0.0  0.0      0     0 ?        S    Apr22   0:00 [card1-crtc3]\nroot         582  0.0  0.0      0     0 ?        I<   Apr22   0:00 [kworker/u21:1-hci0]\navahi        626  0.0  0.0   6032  3552 ?        Ss   Apr22   0:00 avahi-daemon: running [raspberrypi.local]\nroot         627  0.0  0.0  13152  6464 ?        Ss   Apr22   0:00 /usr/libexec/bluetooth/bluetoothd\nroot         628  0.0  0.0   7152  2928 ?        Ss   Apr22   0:00 /usr/sbin/cron -f\nmessage+     629  0.0  0.0   9200  5696 ?        Ss   Apr22   0:11 /usr/bin/dbus-daemon --system --address=systemd: --nofork --nopidfile --systemd-activation --syslog-only\nroot         634  0.0  0.0  19200  8928 ?        Ss   Apr22   0:00 /usr/lib/systemd/systemd-logind\navahi        652  0.0  0.0   5856  1888 ?        S    Apr22   0:00 avahi-daemon: chroot helper\nroot         684  0.0  0.1 345520 25568 ?        Ssl  Apr22   0:29 /usr/sbin/NetworkManager --no-daemon\nroot         685  0.0  0.0  19344 12736 ?        Ss   Apr22   0:11 /usr/sbin/wpa_supplicant -u -s -O DIR=/run/wpa_supplicant GROUP=netdev\nroot         693  0.0  0.0      0     0 ?        S<   Apr22   0:00 [krfcommd]\nroot        1083  0.0  0.0   7456  2784 ?        Ss+  Apr22   0:00 /sbin/agetty -o -- \\u --noreset --noclear --keep-baud 115200,57600,38400,9600 - vt220\nroot        1085  0.0  0.0  11648  7728 ?        Ss   Apr22   0:00 sshd: /usr/sbin/sshd -D [listener] 0 of 10-100 startups\nroot        1171  0.0  0.0      0     0 ?        I<   Apr22   0:00 [kworker/1:0H]\nroot        1313  0.0  0.0      0     0 ?        I    Apr22   0:00 [kworker/u18:3-events_unbound]\nroot        2073  0.0  0.0      0     0 ?        I    Apr23   0:00 [kworker/u18:1-kvfree_rcu_reclaim]\nroot        2520  0.0  0.0   9536  4720 ?        Ss   Apr23   0:00 login -- pi\npi          2533  0.0  0.0  23344 12784 ?        Ss   Apr23   0:00 /usr/lib/systemd/systemd --user\npi          2535  0.0  0.0  24400  4640 ?        S    Apr23   0:00 (sd-pam)\npi          2553  0.0  0.0   7328  3552 ?        Ss   Apr23   0:00 /usr/bin/mpris-proxy\npi          2554  0.0  0.0   8160  4144 ?        Ss   Apr23   0:00 /usr/bin/dbus-daemon --session --address=systemd: --nofork --nopidfile --systemd-activation --syslog-only\npi          2555  0.0  0.0   9088  5936 tty1     Ss+  Apr23   0:00 -bash\nroot        3353  0.0  0.0      0     0 ?        I<   Apr23   0:00 [kworker/3:2H]\npolkitd     5149  0.0  0.0 382656  9424 ?        Ssl  Apr23   0:00 /usr/lib/polkit-1/polkitd --no-debug --log-level=notice\nroot       12648  0.0  0.0      0     0 ?        I    Apr23   0:00 [kworker/u17:0-kvfree_rcu_reclaim]\nroot       14380  0.0  0.0      0     0 ?        I    00:00   0:00 [kworker/u19:0-kvfree_rcu_reclaim]\nroot       14620  0.0  0.0      0     0 ?        I    04:06   0:00 [kworker/u17:2-kvfree_rcu_reclaim]\nroot       14874  0.0  0.0      0     0 ?        I    07:17   0:00 [kworker/u20:1-kvfree_rcu_reclaim]\nroot       14937  0.0  0.0      0     0 ?        I    08:12   0:00 [kworker/0:1-events]\nroot       15026  0.0  0.0      0     0 ?        I    08:26   0:00 [kworker/u20:2-kvfree_rcu_reclaim]\nroot       15033  0.0  0.0      0     0 ?        I    08:27   0:00 [kworker/u18:0-kvfree_rcu_reclaim]\nroot       15036  0.0  0.0      0     0 ?        I    08:30   0:00 [kworker/u19:1-kvfree_rcu_reclaim]\nroot       15054  0.0  0.0      0     0 ?        I    08:36   0:00 [kworker/3:1-events]\nroot       15097  0.0  0.0      0     0 ?        I    08:49   0:00 [kworker/u19:3-kvfree_rcu_reclaim]\nroot       15124  0.0  0.0      0     0 ?        I    08:51   0:00 [kworker/2:2-events]\nroot       15139  0.0  0.0      0     0 ?        I    08:54   0:00 [kworker/1:1-events]\nroot       15157  0.0  0.0      0     0 ?        I    09:02   0:00 [kworker/u20:3-events_unbound]\nroot       15181  0.0  0.0      0     0 ?        I    09:09   0:00 [kworker/u17:1-events_unbound]\nroot       15182  0.0  0.0      0     0 ?        I    09:09   0:00 [kworker/1:0-events]\nroot       15184  0.0  0.0  21968 12896 ?        Ss   09:10   0:00 sshd-session: pi [priv]\npi         15193  0.0  0.0  22176  8192 ?        S    09:10   0:00 sshd-session: pi@pts/0\npi         15194  0.0  0.0   8800  5616 pts/0    Ss+  09:10   0:00 -bash\nroot       15207  0.0  0.0      0     0 ?        I    09:13   0:00 [kworker/2:0-events]\nroot       15208  0.0  0.0      0     0 ?        I    09:14   0:00 [kworker/0:2-events]\nroot       15210  0.0  0.0      0     0 ?        I    09:14   0:00 [kworker/3:2-events]\nroot       15222  0.0  0.0      0     0 ?        I    09:17   0:00 [kworker/1:2-events]\nroot       15224  0.0  0.0      0     0 ?        I    09:18   0:00 [kworker/2:1-events]\nroot       15226  0.0  0.0      0     0 ?        I    09:20   0:00 [kworker/3:0-events]\nroot       15227  0.0  0.0      0     0 ?        I    09:21   0:00 [kworker/0:0-events]\nroot       15228  0.9  0.0  21808 11696 ?        Ss   09:22   0:00 sshd-session: pi [priv]\npi         15237  0.0  0.0  22432  8416 ?        S    09:22   0:00 sshd-session: pi@notty\npi         15238 15.2  0.0  19872 12208 ?        Ss   09:22   0:00 python3 -\nroot       15270 10.2  0.0  18608  7968 ?        Ss   09:22   0:00 /usr/lib/systemd/systemd-hostnamed\nroot       15271  0.0  0.0  35248  6576 ?        S    09:22   0:00 (udev-worker)\npi         15482  0.0  0.0   9312  4080 ?        R    09:22   0:00 ps aux\n", "stderr": ""}
